Archive member included to satisfy reference by file (symbol)

c:/program files/microchip/xc8/v2.31/avr/bin/../lib/gcc/avr/5.4.0/avr5/memx-const\libgcc.a(_udivmodhi4.o)
                              ADC.o (__udivmodhi4)
c:/program files/microchip/xc8/v2.31/avr/bin/../lib/gcc/avr/5.4.0/avr5/memx-const\libgcc.a(_exit.o)
                              C:/Program Files (x86)/Atmel/Studio/7.0/Packs/atmel/ATmega_DFP/1.6.364/xc8/avr/lib/avr5/memx-const/crtatmega32.o (exit)
c:/program files/microchip/xc8/v2.31/avr/bin/../lib/gcc/avr/5.4.0/avr5/memx-const\libgcc.a(_tablejump2.o)
                              TMR.o (__tablejump2__)
c:/program files/microchip/xc8/v2.31/avr/bin/../lib/gcc/avr/5.4.0/avr5/memx-const\libgcc.a(_copy_data.o)
                              main.o (__do_copy_data)
c:/program files/microchip/xc8/v2.31/avr/bin/../lib/gcc/avr/5.4.0/avr5/memx-const\libgcc.a(_umulhisi3.o)
                              LM35.o (__umulhisi3)

Allocating common symbols
Common symbol       size              file

SCH_tasks_G         0x30              scheduler.o
sensed_temp         0x1               main.o

Discarded input sections

 .data          0x0000000000000000        0x0 C:/Program Files (x86)/Atmel/Studio/7.0/Packs/atmel/ATmega_DFP/1.6.364/xc8/avr/lib/avr5/memx-const/crtatmega32.o
 .bss           0x0000000000000000        0x0 C:/Program Files (x86)/Atmel/Studio/7.0/Packs/atmel/ATmega_DFP/1.6.364/xc8/avr/lib/avr5/memx-const/crtatmega32.o
 .text          0x0000000000000000        0x0 ADC.o
 .data          0x0000000000000000        0x0 ADC.o
 .bss           0x0000000000000000        0x0 ADC.o
 .text.ADC_voidInit
                0x0000000000000000       0x2c ADC.o
 .text.ADC_u16SelectChannel
                0x0000000000000000       0x10 ADC.o
 .text.ADC_u16GetData
                0x0000000000000000        0x6 ADC.o
 .text.ADC_u32GetVolatage
                0x0000000000000000       0x20 ADC.o
 .text.ADC_StartConversion
                0x0000000000000000        0x8 ADC.o
 .debug_info    0x0000000000000000      0x38b ADC.o
 .debug_abbrev  0x0000000000000000       0xcc ADC.o
 .debug_loc     0x0000000000000000       0x39 ADC.o
 .debug_aranges
                0x0000000000000000       0x40 ADC.o
 .debug_ranges  0x0000000000000000       0x30 ADC.o
 .debug_line    0x0000000000000000      0x122 ADC.o
 .debug_str     0x0000000000000000        0x0 ADC.o
 .comment       0x0000000000000000       0x30 ADC.o
 .debug_frame   0x0000000000000000       0x64 ADC.o
 .text          0x0000000000000000        0x0 cooling_fan.o
 .data          0x0000000000000000        0x0 cooling_fan.o
 .bss           0x0000000000000000        0x0 cooling_fan.o
 .text.cooling_get_state
                0x0000000000000000        0xa cooling_fan.o
 .text          0x0000000000000000        0x0 EEPROM.o
 .data          0x0000000000000000        0x0 EEPROM.o
 .bss           0x0000000000000000        0x0 EEPROM.o
 .text.EEPROM_Read
                0x0000000000000000       0x2e EEPROM.o
 .text          0x0000000000000000        0x0 Electric_heater_control.o
 .data          0x0000000000000000        0x0 Electric_heater_control.o
 .bss           0x0000000000000000        0x0 Electric_heater_control.o
 .text          0x0000000000000000        0x0 EXT_INT.o
 .data          0x0000000000000000        0x0 EXT_INT.o
 .bss           0x0000000000000000        0x0 EXT_INT.o
 .text.EXT_voidDisableExtInt
                0x0000000000000000        0x2 EXT_INT.o
 .text          0x0000000000000000        0x0 GPIO.o
 .data          0x0000000000000000        0x0 GPIO.o
 .bss           0x0000000000000000        0x0 GPIO.o
 .text.GPIO_u8GetPortPinValue
                0x0000000000000000       0x5c GPIO.o
 .text          0x0000000000000000        0x0 heating_element.o
 .data          0x0000000000000000        0x0 heating_element.o
 .bss           0x0000000000000000        0x0 heating_element.o
 .text.heating_get_state
                0x0000000000000000        0xa heating_element.o
 .text          0x0000000000000000        0x0 IIC.o
 .data          0x0000000000000000        0x0 IIC.o
 .bss           0x0000000000000000        0x0 IIC.o
 .text.TWIReadACK
                0x0000000000000000        0xe IIC.o
 .text.TWIReadNACK
                0x0000000000000000        0xe IIC.o
 .text.TWIGetStatus
                0x0000000000000000        0x6 IIC.o
 .text          0x0000000000000000        0x0 LED.o
 .data          0x0000000000000000        0x0 LED.o
 .bss           0x0000000000000000        0x0 LED.o
 .text          0x0000000000000000        0x0 LM35.o
 .data          0x0000000000000000        0x0 LM35.o
 .bss           0x0000000000000000        0x0 LM35.o
 .text.LM35_Init
                0x0000000000000000       0x1a LM35.o
 .text.LM35_Temp_Avg
                0x0000000000000000       0x38 LM35.o
 .text.LM35_Read_Temp
                0x0000000000000000       0x46 LM35.o
 .bss.i         0x0000000000000000        0x1 LM35.o
 .bss.Temp_Reading_array
                0x0000000000000000       0x14 LM35.o
 .text          0x0000000000000000        0x0 main.o
 .data          0x0000000000000000        0x0 main.o
 .bss           0x0000000000000000        0x0 main.o
 .text          0x0000000000000000        0x0 scheduler.o
 .data          0x0000000000000000        0x0 scheduler.o
 .bss           0x0000000000000000        0x0 scheduler.o
 .text.SCH_Report_Status
                0x0000000000000000        0x2 scheduler.o
 .text          0x0000000000000000        0x0 SSD.o
 .data          0x0000000000000000        0x0 SSD.o
 .bss           0x0000000000000000        0x0 SSD.o
 .text.SSD_TURN_ON
                0x0000000000000000       0x16 SSD.o
 .text          0x0000000000000000        0x0 SW.o
 .data          0x0000000000000000        0x0 SW.o
 .bss           0x0000000000000000        0x0 SW.o
 .text          0x0000000000000000        0x0 TMR.o
 .data          0x0000000000000000        0x0 TMR.o
 .bss           0x0000000000000000        0x0 TMR.o
 .text.TMR_voidInitTimer0
                0x0000000000000000       0x9e TMR.o
 .progmem.gcc_sw_table.TMR_voidInitTimer0
                0x0000000000000000        0xe TMR.o
 .text.TMR_voidSetTimer0Count
                0x0000000000000000        0x4 TMR.o
 .text.TMR_u16GetTimer0Count
                0x0000000000000000        0x4 TMR.o
 .text.TMR_voidInitTimer1
                0x0000000000000000       0xc4 TMR.o
 .progmem.gcc_sw_table.TMR_voidInitTimer1
                0x0000000000000000        0xe TMR.o
 .text.TMR_voidSetTimer1Count
                0x0000000000000000        0x8 TMR.o
 .text.TMR_u16GetTimer1Count
                0x0000000000000000        0x6 TMR.o
 .text.TMR_voidInitTimer2
                0x0000000000000000       0xe4 TMR.o
 .progmem.gcc_sw_table.TMR_voidInitTimer2
                0x0000000000000000        0xe TMR.o
 .text.TMR_voidSetTimer2Count
                0x0000000000000000        0x4 TMR.o
 .text.TMR_u16GetTimer2Count
                0x0000000000000000        0x4 TMR.o
 .debug_info    0x0000000000000000      0x5f1 TMR.o
 .debug_abbrev  0x0000000000000000      0x119 TMR.o
 .debug_loc     0x0000000000000000      0x295 TMR.o
 .debug_aranges
                0x0000000000000000       0x60 TMR.o
 .debug_ranges  0x0000000000000000       0x50 TMR.o
 .debug_line    0x0000000000000000      0x3bf TMR.o
 .debug_str     0x0000000000000000        0xf TMR.o
 .comment       0x0000000000000000       0x30 TMR.o
 .debug_frame   0x0000000000000000       0xa4 TMR.o
 .text          0x0000000000000000        0x0 c:/program files/microchip/xc8/v2.31/avr/bin/../lib/gcc/avr/5.4.0/avr5/memx-const\libgcc.a(_udivmodhi4.o)
 .data          0x0000000000000000        0x0 c:/program files/microchip/xc8/v2.31/avr/bin/../lib/gcc/avr/5.4.0/avr5/memx-const\libgcc.a(_udivmodhi4.o)
 .bss           0x0000000000000000        0x0 c:/program files/microchip/xc8/v2.31/avr/bin/../lib/gcc/avr/5.4.0/avr5/memx-const\libgcc.a(_udivmodhi4.o)
 .text.libgcc.mul
                0x0000000000000000        0x0 c:/program files/microchip/xc8/v2.31/avr/bin/../lib/gcc/avr/5.4.0/avr5/memx-const\libgcc.a(_udivmodhi4.o)
 .text.libgcc.div
                0x0000000000000000       0x28 c:/program files/microchip/xc8/v2.31/avr/bin/../lib/gcc/avr/5.4.0/avr5/memx-const\libgcc.a(_udivmodhi4.o)
 .text.libgcc   0x0000000000000000        0x0 c:/program files/microchip/xc8/v2.31/avr/bin/../lib/gcc/avr/5.4.0/avr5/memx-const\libgcc.a(_udivmodhi4.o)
 .text.libgcc.prologue
                0x0000000000000000        0x0 c:/program files/microchip/xc8/v2.31/avr/bin/../lib/gcc/avr/5.4.0/avr5/memx-const\libgcc.a(_udivmodhi4.o)
 .text.libgcc.builtins
                0x0000000000000000        0x0 c:/program files/microchip/xc8/v2.31/avr/bin/../lib/gcc/avr/5.4.0/avr5/memx-const\libgcc.a(_udivmodhi4.o)
 .text.libgcc.fmul
                0x0000000000000000        0x0 c:/program files/microchip/xc8/v2.31/avr/bin/../lib/gcc/avr/5.4.0/avr5/memx-const\libgcc.a(_udivmodhi4.o)
 .text.libgcc.fixed
                0x0000000000000000        0x0 c:/program files/microchip/xc8/v2.31/avr/bin/../lib/gcc/avr/5.4.0/avr5/memx-const\libgcc.a(_udivmodhi4.o)
 .text          0x0000000000000000        0x0 c:/program files/microchip/xc8/v2.31/avr/bin/../lib/gcc/avr/5.4.0/avr5/memx-const\libgcc.a(_exit.o)
 .data          0x0000000000000000        0x0 c:/program files/microchip/xc8/v2.31/avr/bin/../lib/gcc/avr/5.4.0/avr5/memx-const\libgcc.a(_exit.o)
 .bss           0x0000000000000000        0x0 c:/program files/microchip/xc8/v2.31/avr/bin/../lib/gcc/avr/5.4.0/avr5/memx-const\libgcc.a(_exit.o)
 .text.libgcc.mul
                0x0000000000000000        0x0 c:/program files/microchip/xc8/v2.31/avr/bin/../lib/gcc/avr/5.4.0/avr5/memx-const\libgcc.a(_exit.o)
 .text.libgcc.div
                0x0000000000000000        0x0 c:/program files/microchip/xc8/v2.31/avr/bin/../lib/gcc/avr/5.4.0/avr5/memx-const\libgcc.a(_exit.o)
 .text.libgcc   0x0000000000000000        0x0 c:/program files/microchip/xc8/v2.31/avr/bin/../lib/gcc/avr/5.4.0/avr5/memx-const\libgcc.a(_exit.o)
 .text.libgcc.prologue
                0x0000000000000000        0x0 c:/program files/microchip/xc8/v2.31/avr/bin/../lib/gcc/avr/5.4.0/avr5/memx-const\libgcc.a(_exit.o)
 .text.libgcc.builtins
                0x0000000000000000        0x0 c:/program files/microchip/xc8/v2.31/avr/bin/../lib/gcc/avr/5.4.0/avr5/memx-const\libgcc.a(_exit.o)
 .text.libgcc.fmul
                0x0000000000000000        0x0 c:/program files/microchip/xc8/v2.31/avr/bin/../lib/gcc/avr/5.4.0/avr5/memx-const\libgcc.a(_exit.o)
 .text.libgcc.fixed
                0x0000000000000000        0x0 c:/program files/microchip/xc8/v2.31/avr/bin/../lib/gcc/avr/5.4.0/avr5/memx-const\libgcc.a(_exit.o)
 .text          0x0000000000000000        0x0 c:/program files/microchip/xc8/v2.31/avr/bin/../lib/gcc/avr/5.4.0/avr5/memx-const\libgcc.a(_tablejump2.o)
 .data          0x0000000000000000        0x0 c:/program files/microchip/xc8/v2.31/avr/bin/../lib/gcc/avr/5.4.0/avr5/memx-const\libgcc.a(_tablejump2.o)
 .bss           0x0000000000000000        0x0 c:/program files/microchip/xc8/v2.31/avr/bin/../lib/gcc/avr/5.4.0/avr5/memx-const\libgcc.a(_tablejump2.o)
 .text.libgcc.mul
                0x0000000000000000        0x0 c:/program files/microchip/xc8/v2.31/avr/bin/../lib/gcc/avr/5.4.0/avr5/memx-const\libgcc.a(_tablejump2.o)
 .text.libgcc.div
                0x0000000000000000        0x0 c:/program files/microchip/xc8/v2.31/avr/bin/../lib/gcc/avr/5.4.0/avr5/memx-const\libgcc.a(_tablejump2.o)
 .text.libgcc   0x0000000000000000        0xc c:/program files/microchip/xc8/v2.31/avr/bin/../lib/gcc/avr/5.4.0/avr5/memx-const\libgcc.a(_tablejump2.o)
 .text.libgcc.prologue
                0x0000000000000000        0x0 c:/program files/microchip/xc8/v2.31/avr/bin/../lib/gcc/avr/5.4.0/avr5/memx-const\libgcc.a(_tablejump2.o)
 .text.libgcc.builtins
                0x0000000000000000        0x0 c:/program files/microchip/xc8/v2.31/avr/bin/../lib/gcc/avr/5.4.0/avr5/memx-const\libgcc.a(_tablejump2.o)
 .text.libgcc.fmul
                0x0000000000000000        0x0 c:/program files/microchip/xc8/v2.31/avr/bin/../lib/gcc/avr/5.4.0/avr5/memx-const\libgcc.a(_tablejump2.o)
 .text.libgcc.fixed
                0x0000000000000000        0x0 c:/program files/microchip/xc8/v2.31/avr/bin/../lib/gcc/avr/5.4.0/avr5/memx-const\libgcc.a(_tablejump2.o)
 .text          0x0000000000000000        0x0 c:/program files/microchip/xc8/v2.31/avr/bin/../lib/gcc/avr/5.4.0/avr5/memx-const\libgcc.a(_copy_data.o)
 .data          0x0000000000000000        0x0 c:/program files/microchip/xc8/v2.31/avr/bin/../lib/gcc/avr/5.4.0/avr5/memx-const\libgcc.a(_copy_data.o)
 .bss           0x0000000000000000        0x0 c:/program files/microchip/xc8/v2.31/avr/bin/../lib/gcc/avr/5.4.0/avr5/memx-const\libgcc.a(_copy_data.o)
 .text.libgcc.mul
                0x0000000000000000        0x0 c:/program files/microchip/xc8/v2.31/avr/bin/../lib/gcc/avr/5.4.0/avr5/memx-const\libgcc.a(_copy_data.o)
 .text.libgcc.div
                0x0000000000000000        0x0 c:/program files/microchip/xc8/v2.31/avr/bin/../lib/gcc/avr/5.4.0/avr5/memx-const\libgcc.a(_copy_data.o)
 .text.libgcc   0x0000000000000000        0x0 c:/program files/microchip/xc8/v2.31/avr/bin/../lib/gcc/avr/5.4.0/avr5/memx-const\libgcc.a(_copy_data.o)
 .text.libgcc.prologue
                0x0000000000000000        0x0 c:/program files/microchip/xc8/v2.31/avr/bin/../lib/gcc/avr/5.4.0/avr5/memx-const\libgcc.a(_copy_data.o)
 .text.libgcc.builtins
                0x0000000000000000        0x0 c:/program files/microchip/xc8/v2.31/avr/bin/../lib/gcc/avr/5.4.0/avr5/memx-const\libgcc.a(_copy_data.o)
 .text.libgcc.fmul
                0x0000000000000000        0x0 c:/program files/microchip/xc8/v2.31/avr/bin/../lib/gcc/avr/5.4.0/avr5/memx-const\libgcc.a(_copy_data.o)
 .text.libgcc.fixed
                0x0000000000000000        0x0 c:/program files/microchip/xc8/v2.31/avr/bin/../lib/gcc/avr/5.4.0/avr5/memx-const\libgcc.a(_copy_data.o)
 .text          0x0000000000000000        0x0 c:/program files/microchip/xc8/v2.31/avr/bin/../lib/gcc/avr/5.4.0/avr5/memx-const\libgcc.a(_umulhisi3.o)
 .data          0x0000000000000000        0x0 c:/program files/microchip/xc8/v2.31/avr/bin/../lib/gcc/avr/5.4.0/avr5/memx-const\libgcc.a(_umulhisi3.o)
 .bss           0x0000000000000000        0x0 c:/program files/microchip/xc8/v2.31/avr/bin/../lib/gcc/avr/5.4.0/avr5/memx-const\libgcc.a(_umulhisi3.o)
 .text.libgcc.mul
                0x0000000000000000       0x1e c:/program files/microchip/xc8/v2.31/avr/bin/../lib/gcc/avr/5.4.0/avr5/memx-const\libgcc.a(_umulhisi3.o)
 .text.libgcc.div
                0x0000000000000000        0x0 c:/program files/microchip/xc8/v2.31/avr/bin/../lib/gcc/avr/5.4.0/avr5/memx-const\libgcc.a(_umulhisi3.o)
 .text.libgcc   0x0000000000000000        0x0 c:/program files/microchip/xc8/v2.31/avr/bin/../lib/gcc/avr/5.4.0/avr5/memx-const\libgcc.a(_umulhisi3.o)
 .text.libgcc.prologue
                0x0000000000000000        0x0 c:/program files/microchip/xc8/v2.31/avr/bin/../lib/gcc/avr/5.4.0/avr5/memx-const\libgcc.a(_umulhisi3.o)
 .text.libgcc.builtins
                0x0000000000000000        0x0 c:/program files/microchip/xc8/v2.31/avr/bin/../lib/gcc/avr/5.4.0/avr5/memx-const\libgcc.a(_umulhisi3.o)
 .text.libgcc.fmul
                0x0000000000000000        0x0 c:/program files/microchip/xc8/v2.31/avr/bin/../lib/gcc/avr/5.4.0/avr5/memx-const\libgcc.a(_umulhisi3.o)
 .text.libgcc.fixed
                0x0000000000000000        0x0 c:/program files/microchip/xc8/v2.31/avr/bin/../lib/gcc/avr/5.4.0/avr5/memx-const\libgcc.a(_umulhisi3.o)

Memory Configuration

Name             Origin             Length             Attributes
text             0x0000000000000000 0x0000000000008000 xr
data             0x0000000000800060 0x0000000000000800 rw !x
eeprom           0x0000000000810000 0x0000000000000400 rw !x
fuse             0x0000000000820000 0x0000000000000002 rw !x
lock             0x0000000000830000 0x0000000000000400 rw !x
signature        0x0000000000840000 0x0000000000000400 rw !x
user_signatures  0x0000000000850000 0x0000000000000400 rw !x
*default*        0x0000000000000000 0xffffffffffffffff

Linker script and memory map

LOAD C:/Program Files (x86)/Atmel/Studio/7.0/Packs/atmel/ATmega_DFP/1.6.364/xc8/avr/lib/avr5/memx-const/crtatmega32.o
LOAD ADC.o
LOAD cooling_fan.o
LOAD EEPROM.o
LOAD Electric_heater_control.o
LOAD EXT_INT.o
LOAD GPIO.o
LOAD heating_element.o
LOAD IIC.o
LOAD LED.o
LOAD LM35.o
LOAD main.o
LOAD scheduler.o
LOAD SSD.o
LOAD SW.o
LOAD TMR.o
START GROUP
LOAD c:/program files/microchip/xc8/v2.31/avr/bin/../lib/gcc/avr/5.4.0/../../../../avr/lib/avr5/memx-const\libm.a
END GROUP
START GROUP
LOAD c:/program files/microchip/xc8/v2.31/avr/bin/../lib/gcc/avr/5.4.0/avr5/memx-const\libgcc.a
LOAD c:/program files/microchip/xc8/v2.31/avr/bin/../lib/gcc/avr/5.4.0/../../../../avr/lib/avr5/memx-const\libm.a
LOAD c:/program files/microchip/xc8/v2.31/avr/bin/../lib/gcc/avr/5.4.0/../../../../avr/lib/avr5/memx-const\libc.a
LOAD C:/Program Files (x86)/Atmel/Studio/7.0/Packs/atmel/ATmega_DFP/1.6.364/xc8/avr/lib/avr5/memx-const\libatmega32.a
END GROUP
                0x0000000000000000                __TEXT_REGION_ORIGIN__ = DEFINED (__TEXT_REGION_ORIGIN__)?__TEXT_REGION_ORIGIN__:0x0
                [0x0000000000800060]                __DATA_REGION_ORIGIN__ = DEFINED (__DATA_REGION_ORIGIN__)?__DATA_REGION_ORIGIN__:0x800060
                [0x0000000000008000]                __TEXT_REGION_LENGTH__ = DEFINED (__TEXT_REGION_LENGTH__)?__TEXT_REGION_LENGTH__:0x20000
                [0x0000000000000800]                __DATA_REGION_LENGTH__ = DEFINED (__DATA_REGION_LENGTH__)?__DATA_REGION_LENGTH__:0xffa0
                [0x0000000000000400]                __EEPROM_REGION_LENGTH__ = DEFINED (__EEPROM_REGION_LENGTH__)?__EEPROM_REGION_LENGTH__:0x10000
                [0x0000000000000002]                __FUSE_REGION_LENGTH__ = DEFINED (__FUSE_REGION_LENGTH__)?__FUSE_REGION_LENGTH__:0x400
                0x0000000000000400                __LOCK_REGION_LENGTH__ = DEFINED (__LOCK_REGION_LENGTH__)?__LOCK_REGION_LENGTH__:0x400
                0x0000000000000400                __SIGNATURE_REGION_LENGTH__ = DEFINED (__SIGNATURE_REGION_LENGTH__)?__SIGNATURE_REGION_LENGTH__:0x400
                0x0000000000000400                __USER_SIGNATURE_REGION_LENGTH__ = DEFINED (__USER_SIGNATURE_REGION_LENGTH__)?__USER_SIGNATURE_REGION_LENGTH__:0x400

.hash
 *(.hash)

.dynsym
 *(.dynsym)

.dynstr
 *(.dynstr)

.gnu.version
 *(.gnu.version)

.gnu.version_d
 *(.gnu.version_d)

.gnu.version_r
 *(.gnu.version_r)

.rel.init
 *(.rel.init)

.rela.init
 *(.rela.init)

.rel.text
 *(.rel.text)
 *(.rel.text.*)
 *(.rel.gnu.linkonce.t*)

.rela.text
 *(.rela.text)
 *(.rela.text.*)
 *(.rela.gnu.linkonce.t*)

.rel.fini
 *(.rel.fini)

.rela.fini
 *(.rela.fini)

.rel.rodata
 *(.rel.rodata)
 *(.rel.rodata.*)
 *(.rel.gnu.linkonce.r*)

.rela.rodata
 *(.rela.rodata)
 *(.rela.rodata.*)
 *(.rela.gnu.linkonce.r*)

.rel.data
 *(.rel.data)
 *(.rel.data.*)
 *(.rel.gnu.linkonce.d*)

.rela.data
 *(.rela.data)
 *(.rela.data.*)
 *(.rela.gnu.linkonce.d*)

.rel.ctors
 *(.rel.ctors)

.rela.ctors
 *(.rela.ctors)

.rel.dtors
 *(.rel.dtors)

.rela.dtors
 *(.rela.dtors)

.rel.got
 *(.rel.got)

.rela.got
 *(.rela.got)

.rel.bss
 *(.rel.bss)

.rela.bss
 *(.rela.bss)

.rel.plt
 *(.rel.plt)

.rela.plt
 *(.rela.plt)

.text           0x0000000000000000       0xc6
 *(.vectors)
 .vectors       0x0000000000000000       0x54 C:/Program Files (x86)/Atmel/Studio/7.0/Packs/atmel/ATmega_DFP/1.6.364/xc8/avr/lib/avr5/memx-const/crtatmega32.o
                0x0000000000000000                __vector_default
                0x0000000000000000                __vectors
 *(.vectors)
 *(.progmem.gcc*)
 *(.dinit)
 .dinit         0x0000000000000054       0x1d data_init
                0x0000000000000072                . = ALIGN (0x2)
 *fill*         0x0000000000000071        0x1 
                0x0000000000000072                __trampolines_start = .
 *(.trampolines)
 .trampolines   0x0000000000000072        0x0 linker stubs
 *(.trampolines*)
                0x0000000000000072                __trampolines_end = .
 *libprintf_flt.a:*(.progmem.data)
 *libc.a:*(.progmem.data)
                0x0000000000000072                . = ALIGN (0x2)
 *(.jumptables)
 *(.jumptables*)
 *(.lowtext)
 *(.lowtext*)
                0x0000000000000072                __ctors_start = .
 *(.ctors)
                0x0000000000000072                __ctors_end = .
                0x0000000000000072                __dtors_start = .
 *(.dtors)
                0x0000000000000072                __dtors_end = .
 SORT(*)(.ctors)
 SORT(*)(.dtors)
 *(.init0)
 .init0         0x0000000000000072        0x0 C:/Program Files (x86)/Atmel/Studio/7.0/Packs/atmel/ATmega_DFP/1.6.364/xc8/avr/lib/avr5/memx-const/crtatmega32.o
                0x0000000000000072                __init
 *(.init0)
 *(.init1)
 *(.init1)
 *(.init2)
 .init2         0x0000000000000072        0xc C:/Program Files (x86)/Atmel/Studio/7.0/Packs/atmel/ATmega_DFP/1.6.364/xc8/avr/lib/avr5/memx-const/crtatmega32.o
 *(.init2)
 *(.init3)
 *(.init3)
 *(.init4)
 .init4         0x000000000000007e       0x3c c:/program files/microchip/xc8/v2.31/avr/bin/../lib/gcc/avr/5.4.0/avr5/memx-const\libgcc.a(_copy_data.o)
                0x000000000000007e                __do_copy_data
                0x00000000000000ac                __do_clear_bss
 *(.init4)
 *(.init5)
 *(.init5)
 *(.init6)
 *(.init6)
 *(.init7)
 *(.init7)
 *(.init8)
 *(.init8)
 *(.init9)
 .init9         0x00000000000000ba        0x8 C:/Program Files (x86)/Atmel/Studio/7.0/Packs/atmel/ATmega_DFP/1.6.364/xc8/avr/lib/avr5/memx-const/crtatmega32.o
 *(.init9)
                0x00000000000000c2                . = ALIGN (0x2)
 *(.fini9)
 .fini9         0x00000000000000c2        0x0 c:/program files/microchip/xc8/v2.31/avr/bin/../lib/gcc/avr/5.4.0/avr5/memx-const\libgcc.a(_exit.o)
                0x00000000000000c2                _exit
                0x00000000000000c2                exit
 *(.fini9)
 *(.fini8)
 *(.fini8)
 *(.fini7)
 *(.fini7)
 *(.fini6)
 *(.fini6)
 *(.fini5)
 *(.fini5)
 *(.fini4)
 *(.fini4)
 *(.fini3)
 *(.fini3)
 *(.fini2)
 *(.fini2)
 *(.fini1)
 *(.fini1)
 *(.fini0)
 .fini0         0x00000000000000c2        0x4 c:/program files/microchip/xc8/v2.31/avr/bin/../lib/gcc/avr/5.4.0/avr5/memx-const\libgcc.a(_exit.o)
 *(.fini0)
                0x00000000000000c6                _etext = .

.data           0x0000000000800060        0x0 load address 0x00000000000000c6
                [!provide]                        PROVIDE (__data_start, .)
 *(.gnu.linkonce.d*)
 *(.gnu.linkonce.r*)
                0x0000000000800060                . = ALIGN (0x2)
 *fill*         0x0000000000800060        0x0 
                0x0000000000800060                _edata = .
                [!provide]                        PROVIDE (__data_end, .)

.bss            0x0000000000800060       0x31
                [!provide]                        PROVIDE (__bss_start, .)
 *(COMMON)
 COMMON         0x0000000000800060        0x1 main.o
                0x0000000000800060                sensed_temp
 COMMON         0x0000000000800061       0x30 scheduler.o
                0x0000000000800061                SCH_tasks_G
                [!provide]                        PROVIDE (__bss_end, .)
                0x00000000000000c6                __data_load_start = LOADADDR (.data)
                0x00000000000000c6                __data_load_end = (__data_load_start + SIZEOF (.data))

.noinit         0x0000000000800091        0x0
                [!provide]                        PROVIDE (__noinit_start, .)
 *(.noinit*)
                [!provide]                        PROVIDE (__noinit_end, .)
                0x0000000000800091                _end = .

.eeprom         0x0000000000810000        0x0
 *(.eeprom*)
                0x0000000000810000                __eeprom_end = .

.fuse
 *(.fuse)
 *(.lfuse)
 *(.hfuse)
 *(.efuse)

.lock
 *(.lock*)

.signature
 *(.signature*)

.user_signatures
 *(.user_signatures*)

.stab
 *(.stab)

.stabstr
 *(.stabstr)

.stab.excl
 *(.stab.excl)

.stab.exclstr
 *(.stab.exclstr)

.stab.index
 *(.stab.index)

.stab.indexstr
 *(.stab.indexstr)

.comment        0x0000000000000000       0x2f
 *(.comment)
 .comment       0x0000000000000000       0x2f cooling_fan.o
                                         0x30 (size before relaxing)
 .comment       0x000000000000002f       0x30 EEPROM.o
 .comment       0x000000000000002f       0x30 Electric_heater_control.o
 .comment       0x000000000000002f       0x30 EXT_INT.o
 .comment       0x000000000000002f       0x30 GPIO.o
 .comment       0x000000000000002f       0x30 heating_element.o
 .comment       0x000000000000002f       0x30 IIC.o
 .comment       0x000000000000002f       0x30 LED.o
 .comment       0x000000000000002f       0x30 LM35.o
 .comment       0x000000000000002f       0x30 main.o
 .comment       0x000000000000002f       0x30 scheduler.o
 .comment       0x000000000000002f       0x30 SSD.o
 .comment       0x000000000000002f       0x30 SW.o

.note.gnu.build-id
 *(.note.gnu.build-id)

.debug
 *(.debug)

.line
 *(.line)

.debug_srcinfo
 *(.debug_srcinfo)

.debug_sfnames
 *(.debug_sfnames)

.debug_aranges  0x0000000000000000      0x2f8
 *(.debug_aranges)
 .debug_aranges
                0x0000000000000000       0x30 cooling_fan.o
 .debug_aranges
                0x0000000000000030       0x30 EEPROM.o
 .debug_aranges
                0x0000000000000060       0x20 Electric_heater_control.o
 .debug_aranges
                0x0000000000000080       0x28 EXT_INT.o
 .debug_aranges
                0x00000000000000a8       0x50 GPIO.o
 .debug_aranges
                0x00000000000000f8       0x30 heating_element.o
 .debug_aranges
                0x0000000000000128       0x50 IIC.o
 .debug_aranges
                0x0000000000000178       0x38 LED.o
 .debug_aranges
                0x00000000000001b0       0x38 LM35.o
 .debug_aranges
                0x00000000000001e8       0x28 main.o
 .debug_aranges
                0x0000000000000210       0x68 scheduler.o
 .debug_aranges
                0x0000000000000278       0x48 SSD.o
 .debug_aranges
                0x00000000000002c0       0x38 SW.o

.debug_pubnames
 *(.debug_pubnames)

.debug_info     0x0000000000000000     0x3d56
 *(.debug_info .gnu.linkonce.wi.*)
 .debug_info    0x0000000000000000      0x4e6 C:/Program Files (x86)/Atmel/Studio/7.0/Packs/atmel/ATmega_DFP/1.6.364/xc8/avr/lib/avr5/memx-const/crtatmega32.o
 .debug_info    0x00000000000004e6      0x393 cooling_fan.o
 .debug_info    0x0000000000000879      0x3e7 EEPROM.o
 .debug_info    0x0000000000000c60      0x32b Electric_heater_control.o
 .debug_info    0x0000000000000f8b      0x375 EXT_INT.o
 .debug_info    0x0000000000001300      0x471 GPIO.o
 .debug_info    0x0000000000001771      0x397 heating_element.o
 .debug_info    0x0000000000001b08      0x350 IIC.o
 .debug_info    0x0000000000001e58      0x34f LED.o
 .debug_info    0x00000000000021a7      0x46a LM35.o
 .debug_info    0x0000000000002611      0x550 main.o
 .debug_info    0x0000000000002b61      0x5b3 scheduler.o
 .debug_info    0x0000000000003114      0x63e SSD.o
 .debug_info    0x0000000000003752      0x604 SW.o

.debug_abbrev   0x0000000000000000      0xfb8
 *(.debug_abbrev)
 .debug_abbrev  0x0000000000000000      0x4a3 C:/Program Files (x86)/Atmel/Studio/7.0/Packs/atmel/ATmega_DFP/1.6.364/xc8/avr/lib/avr5/memx-const/crtatmega32.o
 .debug_abbrev  0x00000000000004a3       0xd0 cooling_fan.o
 .debug_abbrev  0x0000000000000573       0xe4 EEPROM.o
 .debug_abbrev  0x0000000000000657       0x9b Electric_heater_control.o
 .debug_abbrev  0x00000000000006f2       0x96 EXT_INT.o
 .debug_abbrev  0x0000000000000788       0xba GPIO.o
 .debug_abbrev  0x0000000000000842       0xd0 heating_element.o
 .debug_abbrev  0x0000000000000912       0xb2 IIC.o
 .debug_abbrev  0x00000000000009c4       0x7c LED.o
 .debug_abbrev  0x0000000000000a40      0x118 LM35.o
 .debug_abbrev  0x0000000000000b58       0xe7 main.o
 .debug_abbrev  0x0000000000000c3f      0x17b scheduler.o
 .debug_abbrev  0x0000000000000dba      0x11c SSD.o
 .debug_abbrev  0x0000000000000ed6       0xe2 SW.o

.debug_line     0x0000000000000000     0x1312
 *(.debug_line .debug_line.* .debug_line_end)
 .debug_line    0x0000000000000000      0x119 C:/Program Files (x86)/Atmel/Studio/7.0/Packs/atmel/ATmega_DFP/1.6.364/xc8/avr/lib/avr5/memx-const/crtatmega32.o
 .debug_line    0x0000000000000119       0xb4 cooling_fan.o
 .debug_line    0x00000000000001cd       0xcd EEPROM.o
 .debug_line    0x000000000000029a       0x9c Electric_heater_control.o
 .debug_line    0x0000000000000336      0x141 EXT_INT.o
 .debug_line    0x0000000000000477      0x2c3 GPIO.o
 .debug_line    0x000000000000073a       0xbc heating_element.o
 .debug_line    0x00000000000007f6      0x17b IIC.o
 .debug_line    0x0000000000000971       0x90 LED.o
 .debug_line    0x0000000000000a01      0x134 LM35.o
 .debug_line    0x0000000000000b35      0x175 main.o
 .debug_line    0x0000000000000caa      0x2d1 scheduler.o
 .debug_line    0x0000000000000f7b      0x196 SSD.o
 .debug_line    0x0000000000001111      0x201 SW.o

.debug_frame    0x0000000000000000      0x55c
 *(.debug_frame)
 .debug_frame   0x0000000000000000       0x44 cooling_fan.o
 .debug_frame   0x0000000000000044       0x58 EEPROM.o
 .debug_frame   0x000000000000009c       0x24 Electric_heater_control.o
 .debug_frame   0x00000000000000c0       0x34 EXT_INT.o
 .debug_frame   0x00000000000000f4       0x84 GPIO.o
 .debug_frame   0x0000000000000178       0x44 heating_element.o
 .debug_frame   0x00000000000001bc       0x84 IIC.o
 .debug_frame   0x0000000000000240       0x54 LED.o
 .debug_frame   0x0000000000000294       0x60 LM35.o
 .debug_frame   0x00000000000002f4       0x7c main.o
 .debug_frame   0x0000000000000370      0x11c scheduler.o
 .debug_frame   0x000000000000048c       0x7c SSD.o
 .debug_frame   0x0000000000000508       0x54 SW.o

.debug_str      0x0000000000000000      0x531
 *(.debug_str)
 .debug_str     0x0000000000000000      0x196 C:/Program Files (x86)/Atmel/Studio/7.0/Packs/atmel/ATmega_DFP/1.6.364/xc8/avr/lib/avr5/memx-const/crtatmega32.o
 .debug_str     0x0000000000000196       0x4d cooling_fan.o
 .debug_str     0x00000000000001e3       0x27 EEPROM.o
 .debug_str     0x000000000000020a       0x31 Electric_heater_control.o
 .debug_str     0x000000000000023b        0xc EXT_INT.o
 .debug_str     0x0000000000000247       0x2a GPIO.o
 .debug_str     0x0000000000000271       0x4d heating_element.o
 .debug_str     0x00000000000002be        0x0 IIC.o
 .debug_str     0x00000000000002be       0x52 LED.o
 .debug_str     0x0000000000000310       0x6f LM35.o
 .debug_str     0x000000000000037f       0xa3 main.o
 .debug_str     0x0000000000000422        0x0 scheduler.o
 .debug_str     0x0000000000000422       0x77 SSD.o
 .debug_str     0x0000000000000499       0x98 SW.o

.debug_loc      0x0000000000000000      0xb32
 *(.debug_loc)
 .debug_loc     0x0000000000000000       0x3a cooling_fan.o
 .debug_loc     0x000000000000003a      0x10a EEPROM.o
 .debug_loc     0x0000000000000144       0x8f EXT_INT.o
 .debug_loc     0x00000000000001d3      0x483 GPIO.o
 .debug_loc     0x0000000000000656       0x3a heating_element.o
 .debug_loc     0x0000000000000690       0x50 IIC.o
 .debug_loc     0x00000000000006e0       0x86 LM35.o
 .debug_loc     0x0000000000000766       0xcb main.o
 .debug_loc     0x0000000000000831      0x261 scheduler.o
 .debug_loc     0x0000000000000a92       0xa0 SSD.o

.debug_macinfo
 *(.debug_macinfo)

.debug_weaknames
 *(.debug_weaknames)

.debug_funcnames
 *(.debug_funcnames)

.debug_typenames
 *(.debug_typenames)

.debug_varnames
 *(.debug_varnames)

.debug_pubtypes
 *(.debug_pubtypes)

.debug_ranges   0x0000000000000000      0x228
 *(.debug_ranges)
 .debug_ranges  0x0000000000000000       0x20 cooling_fan.o
 .debug_ranges  0x0000000000000020       0x20 EEPROM.o
 .debug_ranges  0x0000000000000040       0x10 Electric_heater_control.o
 .debug_ranges  0x0000000000000050       0x18 EXT_INT.o
 .debug_ranges  0x0000000000000068       0x40 GPIO.o
 .debug_ranges  0x00000000000000a8       0x20 heating_element.o
 .debug_ranges  0x00000000000000c8       0x40 IIC.o
 .debug_ranges  0x0000000000000108       0x28 LED.o
 .debug_ranges  0x0000000000000130       0x28 LM35.o
 .debug_ranges  0x0000000000000158       0x18 main.o
 .debug_ranges  0x0000000000000170       0x58 scheduler.o
 .debug_ranges  0x00000000000001c8       0x38 SSD.o
 .debug_ranges  0x0000000000000200       0x28 SW.o

.debug_macro
 *(.debug_macro)
OUTPUT(FINAL_PROJ.elf elf32-avr)
LOAD linker stubs
LOAD data_init

.note.gnu.avr.deviceinfo
                0x0000000000000000       0x3c
 .note.gnu.avr.deviceinfo
                0x0000000000000000       0x3c C:/Program Files (x86)/Atmel/Studio/7.0/Packs/atmel/ATmega_DFP/1.6.364/xc8/avr/lib/avr5/memx-const/crtatmega32.o

.bss.current_state
                0x000000000080009f        0x1
 .bss.current_state
                0x000000000080009f        0x1 main.o

.bss.Error_Code_G
                0x000000000080009b        0x2
 .bss.Error_Code_G
                0x000000000080009b        0x2 scheduler.o
                0x000000000080009b                Error_Code_G

.bss.set_temp   0x00000000008000a3        0x1
 .bss.set_temp  0x00000000008000a3        0x1 SW.o

.bss.setting_state_flag
                0x000000000080009d        0x2
 .bss.setting_state_flag
                0x000000000080009d        0x2 SW.o

.text.GPIO_voidSetPortPinDirection
                0x00000000000000c6       0xea
 .text.GPIO_voidSetPortPinDirection
                0x00000000000000c6       0xea GPIO.o
                0x00000000000000c6                GPIO_voidSetPortPinDirection

.text.GPIO_voidSetPortPinValue
                0x00000000000001b0       0xea
 .text.GPIO_voidSetPortPinValue
                0x00000000000001b0       0xea GPIO.o
                0x00000000000001b0                GPIO_voidSetPortPinValue

.text.EXT_voidEnableExtInt
                0x000000000000029a       0xd2
 .text.EXT_voidEnableExtInt
                0x000000000000029a       0xd2 EXT_INT.o
                0x000000000000029a                EXT_voidEnableExtInt

.text.SW_ST     0x000000000000036c       0xcc
 .text.SW_ST    0x000000000000036c       0xcc SW.o
                0x000000000000036c                SW_ST

.text.SCH_Update
                0x0000000000000438       0x94
 .text.SCH_Update
                0x0000000000000438       0x94 scheduler.o
                0x0000000000000438                SCH_Update

.text.segment7_display
                0x00000000000004cc       0x92
 .text.segment7_display
                0x00000000000004cc       0x92 SSD.o
                0x00000000000004cc                segment7_display

.text.Heat_Cool_Elements
                0x000000000000055e       0x70
 .text.Heat_Cool_Elements
                0x000000000000055e       0x70 SW.o
                0x000000000000055e                Heat_Cool_Elements

.text.__vector_3
                0x00000000000005ce       0x6a
 .text.__vector_3
                0x00000000000005ce       0x6a main.o
                0x00000000000005ce                __vector_3

.text.GPIO_voidTogglePortPinValue
                0x0000000000000638       0x68
 .text.GPIO_voidTogglePortPinValue
                0x0000000000000638       0x68 GPIO.o
                0x0000000000000638                GPIO_voidTogglePortPinValue

.text.SCH_Add_Task
                0x00000000000006a0       0x68
 .text.SCH_Add_Task
                0x00000000000006a0       0x68 scheduler.o
                0x00000000000006a0                SCH_Add_Task

.text.main      0x0000000000000708       0x66
 .text.main     0x0000000000000708       0x66 main.o
                0x0000000000000708                main

.text.SCH_Delete_Task
                0x000000000000076e       0x60
 .text.SCH_Delete_Task
                0x000000000000076e       0x60 scheduler.o
                0x000000000000076e                SCH_Delete_Task

.text.SCH_Dispatch_Tasks
                0x00000000000007ce       0x60
 .text.SCH_Dispatch_Tasks
                0x00000000000007ce       0x60 scheduler.o
                0x00000000000007ce                SCH_Dispatch_Tasks

.text.GPIO_voidSetPortDirection
                0x000000000000082e       0x58
 .text.GPIO_voidSetPortDirection
                0x000000000000082e       0x58 GPIO.o
                0x000000000000082e                GPIO_voidSetPortDirection

.text.__vector_7
                0x0000000000000886       0x48
 .text.__vector_7
                0x0000000000000886       0x48 scheduler.o
                0x0000000000000886                __vector_7

.text.SCH_Init_T1
                0x00000000000008ce       0x46
 .text.SCH_Init_T1
                0x00000000000008ce       0x46 scheduler.o
                0x00000000000008ce                SCH_Init_T1

.text.SW_Init   0x0000000000000914       0x44
 .text.SW_Init  0x0000000000000914       0x44 SW.o
                0x0000000000000914                SW_Init

.text.EEPROM_Write
                0x0000000000000958       0x28
 .text.EEPROM_Write
                0x0000000000000958       0x28 EEPROM.o
                0x0000000000000958                EEPROM_Write

.text.SSD_BLINK
                0x0000000000000980       0x26
 .text.SSD_BLINK
                0x0000000000000980       0x26 SSD.o
                0x0000000000000980                SSD_BLINK

.text.GPIO_u8GetPortValue
                0x00000000000009a6       0x24
 .text.GPIO_u8GetPortValue
                0x00000000000009a6       0x24 GPIO.o
                0x00000000000009a6                GPIO_u8GetPortValue

.text.SSD_Init  0x00000000000009ca       0x22
 .text.SSD_Init
                0x00000000000009ca       0x22 SSD.o
                0x00000000000009ca                SSD_Init

.text.cooling_set_state
                0x00000000000009ec       0x20
 .text.cooling_set_state
                0x00000000000009ec       0x20 cooling_fan.o
                0x00000000000009ec                cooling_set_state

.text.GPIO_voidSetPortValue
                0x0000000000000a0c       0x20
 .text.GPIO_voidSetPortValue
                0x0000000000000a0c       0x20 GPIO.o
                0x0000000000000a0c                GPIO_voidSetPortValue

.text.heating_set_state
                0x0000000000000a2c       0x20
 .text.heating_set_state
                0x0000000000000a2c       0x20 heating_element.o
                0x0000000000000a2c                heating_set_state

.text.SSD_UPDATE
                0x0000000000000a4c       0x20
 .text.SSD_UPDATE
                0x0000000000000a4c       0x20 SSD.o
                0x0000000000000a4c                SSD_UPDATE

.text.SSD_TURN_OFF
                0x0000000000000a6c       0x1e
 .text.SSD_TURN_OFF
                0x0000000000000a6c       0x1e SSD.o
                0x0000000000000a6c                SSD_TURN_OFF

.text.OFF_STATE
                0x0000000000000a8a       0x16
 .text.OFF_STATE
                0x0000000000000a8a       0x16 Electric_heater_control.o
                0x0000000000000a8a                OFF_STATE

.text.SCH_Go_To_Sleep
                0x0000000000000aa0       0x14
 .text.SCH_Go_To_Sleep
                0x0000000000000aa0       0x14 scheduler.o
                0x0000000000000aa0                SCH_Go_To_Sleep

.text.I2C_Init  0x0000000000000ab4       0x12
 .text.I2C_Init
                0x0000000000000ab4       0x12 IIC.o
                0x0000000000000ab4                I2C_Init

.text.LED_Init  0x0000000000000ac6       0x10
 .text.LED_Init
                0x0000000000000ac6       0x10 LED.o
                0x0000000000000ac6                LED_Init

.text.TWIWrite  0x0000000000000ad6        0xe
 .text.TWIWrite
                0x0000000000000ad6        0xe IIC.o
                0x0000000000000ad6                TWIWrite

.text.cooling_Init
                0x0000000000000ae4        0xc
 .text.cooling_Init
                0x0000000000000ae4        0xc cooling_fan.o
                0x0000000000000ae4                cooling_Init

.text.heating_Init
                0x0000000000000af0        0xc
 .text.heating_Init
                0x0000000000000af0        0xc heating_element.o
                0x0000000000000af0                heating_Init

.text.TWIStart  0x0000000000000afc        0xc
 .text.TWIStart
                0x0000000000000afc        0xc IIC.o
                0x0000000000000afc                TWIStart

.text.LED_ON    0x0000000000000b08        0xc
 .text.LED_ON   0x0000000000000b08        0xc LED.o
                0x0000000000000b08                LED_ON

.text.LED_OFF   0x0000000000000b14        0xc
 .text.LED_OFF  0x0000000000000b14        0xc LED.o
                0x0000000000000b14                LED_OFF

.text.Save_Last_Temp
                0x0000000000000b20        0xc
 .text.Save_Last_Temp
                0x0000000000000b20        0xc LM35.o
                0x0000000000000b20                Save_Last_Temp

.text.LED_Blink
                0x0000000000000b2c        0xa
 .text.LED_Blink
                0x0000000000000b2c        0xa LED.o
                0x0000000000000b2c                LED_Blink

.text.EEPROM_Init
                0x0000000000000b36        0x6
 .text.EEPROM_Init
                0x0000000000000b36        0x6 EEPROM.o
                0x0000000000000b36                EEPROM_Init

.text.TWIStop   0x0000000000000b3c        0x6
 .text.TWIStop  0x0000000000000b3c        0x6 IIC.o
                0x0000000000000b3c                TWIStop

.text.Get_Current_Temp
                0x0000000000000b42        0x6
 .text.Get_Current_Temp
                0x0000000000000b42        0x6 SW.o
                0x0000000000000b42                Get_Current_Temp

.text           0x0000000000000b48        0x4
 .text          0x0000000000000b48        0x4 C:/Program Files (x86)/Atmel/Studio/7.0/Packs/atmel/ATmega_DFP/1.6.364/xc8/avr/lib/avr5/memx-const/crtatmega32.o
                0x0000000000000b48                __vector_1
                0x0000000000000b48                __vector_12
                0x0000000000000b48                __bad_interrupt
                0x0000000000000b48                __vector_6
                0x0000000000000b48                __vector_11
                0x0000000000000b48                __vector_13
                0x0000000000000b48                __vector_17
                0x0000000000000b48                __vector_19
                0x0000000000000b48                __vector_5
                0x0000000000000b48                __vector_4
                0x0000000000000b48                __vector_9
                0x0000000000000b48                __vector_2
                0x0000000000000b48                __vector_15
                0x0000000000000b48                __vector_8
                0x0000000000000b48                __vector_14
                0x0000000000000b48                __vector_10
                0x0000000000000b48                __vector_16
                0x0000000000000b48                __vector_18
                0x0000000000000b48                __vector_20

.text.SCH_Start
                0x0000000000000b4c        0x4
 .text.SCH_Start
                0x0000000000000b4c        0x4 scheduler.o
                0x0000000000000b4c                SCH_Start

.text.SCH_STOP  0x0000000000000b50        0x4
 .text.SCH_STOP
                0x0000000000000b50        0x4 scheduler.o
                0x0000000000000b50                SCH_STOP

.data.ssd       0x0000000000800091        0xa load address 0x0000000000000b54
 .data.ssd      0x0000000000800091        0xa SSD.o
                0x0000000000800091                ssd

.data.current_mode
                0x00000000008000a0        0x1 load address 0x0000000000000b5e
 .data.current_mode
                0x00000000008000a0        0x1 main.o
                0x00000000008000a0                current_mode

.data.SSD_Disp  0x00000000008000a1        0x1 load address 0x0000000000000b5f
 .data.SSD_Disp
                0x00000000008000a1        0x1 SSD.o

.data.SSD_MODE  0x00000000008000a2        0x1 load address 0x0000000000000b60
 .data.SSD_MODE
                0x00000000008000a2        0x1 SSD.o
