Archive member included to satisfy reference by file (symbol)

c:/program files/microchip/xc8/v2.31/avr/bin/../lib/gcc/avr/5.4.0/avr5/memx-const\libgcc.a(_udivmodhi4.o)
                              ADC.o (__udivmodhi4)
c:/program files/microchip/xc8/v2.31/avr/bin/../lib/gcc/avr/5.4.0/avr5/memx-const\libgcc.a(_exit.o)
                              C:/Program Files (x86)/Atmel/Studio/7.0/Packs/atmel/ATmega_DFP/1.6.364/xc8/avr/lib/avr5/memx-const/crtatmega32.o (exit)
c:/program files/microchip/xc8/v2.31/avr/bin/../lib/gcc/avr/5.4.0/avr5/memx-const\libgcc.a(_tablejump2.o)
                              TMR.o (__tablejump2__)
c:/program files/microchip/xc8/v2.31/avr/bin/../lib/gcc/avr/5.4.0/avr5/memx-const\libgcc.a(_copy_data.o)
                              main.o (__do_copy_data)
c:/program files/microchip/xc8/v2.31/avr/bin/../lib/gcc/avr/5.4.0/avr5/memx-const\libgcc.a(_umulhisi3.o)
                              LM35.o (__umulhisi3)

Allocating common symbols
Common symbol       size              file

SCH_tasks_G         0x30              scheduler.o
current_state       0x1               main.o
sensed_temp         0x1               main.o

Discarded input sections

 .data          0x0000000000000000        0x0 C:/Program Files (x86)/Atmel/Studio/7.0/Packs/atmel/ATmega_DFP/1.6.364/xc8/avr/lib/avr5/memx-const/crtatmega32.o
 .bss           0x0000000000000000        0x0 C:/Program Files (x86)/Atmel/Studio/7.0/Packs/atmel/ATmega_DFP/1.6.364/xc8/avr/lib/avr5/memx-const/crtatmega32.o
 .text          0x0000000000000000        0x0 ADC.o
 .data          0x0000000000000000        0x0 ADC.o
 .bss           0x0000000000000000        0x0 ADC.o
 .text.ADC_u32GetVolatage
                0x0000000000000000       0x20 ADC.o
 .text          0x0000000000000000        0x0 cooling_fan.o
 .data          0x0000000000000000        0x0 cooling_fan.o
 .bss           0x0000000000000000        0x0 cooling_fan.o
 .text.cooling_get_state
                0x0000000000000000        0xa cooling_fan.o
 .text          0x0000000000000000        0x0 EEPROM.o
 .data          0x0000000000000000        0x0 EEPROM.o
 .bss           0x0000000000000000        0x0 EEPROM.o
 .text.EEPROM_Read
                0x0000000000000000       0x2e EEPROM.o
 .text          0x0000000000000000        0x0 Electric_heater_control.o
 .data          0x0000000000000000        0x0 Electric_heater_control.o
 .bss           0x0000000000000000        0x0 Electric_heater_control.o
 .text          0x0000000000000000        0x0 EXT_INT.o
 .data          0x0000000000000000        0x0 EXT_INT.o
 .bss           0x0000000000000000        0x0 EXT_INT.o
 .text.EXT_voidDisableExtInt
                0x0000000000000000        0x2 EXT_INT.o
 .text          0x0000000000000000        0x0 GPIO.o
 .data          0x0000000000000000        0x0 GPIO.o
 .bss           0x0000000000000000        0x0 GPIO.o
 .text.GPIO_u8GetPortPinValue
                0x0000000000000000       0x5c GPIO.o
 .text          0x0000000000000000        0x0 heating_element.o
 .data          0x0000000000000000        0x0 heating_element.o
 .bss           0x0000000000000000        0x0 heating_element.o
 .text.heating_get_state
                0x0000000000000000        0xa heating_element.o
 .text          0x0000000000000000        0x0 IIC.o
 .data          0x0000000000000000        0x0 IIC.o
 .bss           0x0000000000000000        0x0 IIC.o
 .text.TWIReadACK
                0x0000000000000000        0xe IIC.o
 .text.TWIReadNACK
                0x0000000000000000        0xe IIC.o
 .text.TWIGetStatus
                0x0000000000000000        0x6 IIC.o
 .text          0x0000000000000000        0x0 LED.o
 .data          0x0000000000000000        0x0 LED.o
 .bss           0x0000000000000000        0x0 LED.o
 .text          0x0000000000000000        0x0 LM35.o
 .data          0x0000000000000000        0x0 LM35.o
 .bss           0x0000000000000000        0x0 LM35.o
 .text          0x0000000000000000        0x0 main.o
 .data          0x0000000000000000        0x0 main.o
 .bss           0x0000000000000000        0x0 main.o
 .text          0x0000000000000000        0x0 scheduler.o
 .data          0x0000000000000000        0x0 scheduler.o
 .bss           0x0000000000000000        0x0 scheduler.o
 .text.SCH_STOP
                0x0000000000000000        0xc scheduler.o
 .text.SCH_Report_Status
                0x0000000000000000        0x2 scheduler.o
 .text          0x0000000000000000        0x0 SSD.o
 .data          0x0000000000000000        0x0 SSD.o
 .bss           0x0000000000000000        0x0 SSD.o
 .text          0x0000000000000000        0x0 SW.o
 .data          0x0000000000000000        0x0 SW.o
 .bss           0x0000000000000000        0x0 SW.o
 .text          0x0000000000000000        0x0 TMR.o
 .data          0x0000000000000000        0x0 TMR.o
 .bss           0x0000000000000000        0x0 TMR.o
 .text.TMR_voidInitTimer0
                0x0000000000000000       0x9e TMR.o
 .progmem.gcc_sw_table.TMR_voidInitTimer0
                0x0000000000000000        0xe TMR.o
 .text.TMR_voidSetTimer0Count
                0x0000000000000000        0x4 TMR.o
 .text.TMR_u16GetTimer0Count
                0x0000000000000000        0x4 TMR.o
 .text.TMR_voidInitTimer1
                0x0000000000000000       0xc4 TMR.o
 .progmem.gcc_sw_table.TMR_voidInitTimer1
                0x0000000000000000        0xe TMR.o
 .text.TMR_voidSetTimer1Count
                0x0000000000000000        0x8 TMR.o
 .text.TMR_u16GetTimer1Count
                0x0000000000000000        0x6 TMR.o
 .text.TMR_voidInitTimer2
                0x0000000000000000       0xe4 TMR.o
 .progmem.gcc_sw_table.TMR_voidInitTimer2
                0x0000000000000000        0xe TMR.o
 .text.TMR_voidSetTimer2Count
                0x0000000000000000        0x4 TMR.o
 .text.TMR_u16GetTimer2Count
                0x0000000000000000        0x4 TMR.o
 .debug_info    0x0000000000000000      0x5e1 TMR.o
 .debug_abbrev  0x0000000000000000      0x10a TMR.o
 .debug_loc     0x0000000000000000      0x267 TMR.o
 .debug_aranges
                0x0000000000000000       0x60 TMR.o
 .debug_ranges  0x0000000000000000       0x50 TMR.o
 .debug_line    0x0000000000000000      0x3bf TMR.o
 .debug_str     0x0000000000000000        0xf TMR.o
 .comment       0x0000000000000000       0x30 TMR.o
 .debug_frame   0x0000000000000000       0xa4 TMR.o
 .text          0x0000000000000000        0x0 c:/program files/microchip/xc8/v2.31/avr/bin/../lib/gcc/avr/5.4.0/avr5/memx-const\libgcc.a(_udivmodhi4.o)
 .data          0x0000000000000000        0x0 c:/program files/microchip/xc8/v2.31/avr/bin/../lib/gcc/avr/5.4.0/avr5/memx-const\libgcc.a(_udivmodhi4.o)
 .bss           0x0000000000000000        0x0 c:/program files/microchip/xc8/v2.31/avr/bin/../lib/gcc/avr/5.4.0/avr5/memx-const\libgcc.a(_udivmodhi4.o)
 .text.libgcc.mul
                0x0000000000000000        0x0 c:/program files/microchip/xc8/v2.31/avr/bin/../lib/gcc/avr/5.4.0/avr5/memx-const\libgcc.a(_udivmodhi4.o)
 .text.libgcc.div
                0x0000000000000000       0x28 c:/program files/microchip/xc8/v2.31/avr/bin/../lib/gcc/avr/5.4.0/avr5/memx-const\libgcc.a(_udivmodhi4.o)
 .text.libgcc   0x0000000000000000        0x0 c:/program files/microchip/xc8/v2.31/avr/bin/../lib/gcc/avr/5.4.0/avr5/memx-const\libgcc.a(_udivmodhi4.o)
 .text.libgcc.prologue
                0x0000000000000000        0x0 c:/program files/microchip/xc8/v2.31/avr/bin/../lib/gcc/avr/5.4.0/avr5/memx-const\libgcc.a(_udivmodhi4.o)
 .text.libgcc.builtins
                0x0000000000000000        0x0 c:/program files/microchip/xc8/v2.31/avr/bin/../lib/gcc/avr/5.4.0/avr5/memx-const\libgcc.a(_udivmodhi4.o)
 .text.libgcc.fmul
                0x0000000000000000        0x0 c:/program files/microchip/xc8/v2.31/avr/bin/../lib/gcc/avr/5.4.0/avr5/memx-const\libgcc.a(_udivmodhi4.o)
 .text.libgcc.fixed
                0x0000000000000000        0x0 c:/program files/microchip/xc8/v2.31/avr/bin/../lib/gcc/avr/5.4.0/avr5/memx-const\libgcc.a(_udivmodhi4.o)
 .text          0x0000000000000000        0x0 c:/program files/microchip/xc8/v2.31/avr/bin/../lib/gcc/avr/5.4.0/avr5/memx-const\libgcc.a(_exit.o)
 .data          0x0000000000000000        0x0 c:/program files/microchip/xc8/v2.31/avr/bin/../lib/gcc/avr/5.4.0/avr5/memx-const\libgcc.a(_exit.o)
 .bss           0x0000000000000000        0x0 c:/program files/microchip/xc8/v2.31/avr/bin/../lib/gcc/avr/5.4.0/avr5/memx-const\libgcc.a(_exit.o)
 .text.libgcc.mul
                0x0000000000000000        0x0 c:/program files/microchip/xc8/v2.31/avr/bin/../lib/gcc/avr/5.4.0/avr5/memx-const\libgcc.a(_exit.o)
 .text.libgcc.div
                0x0000000000000000        0x0 c:/program files/microchip/xc8/v2.31/avr/bin/../lib/gcc/avr/5.4.0/avr5/memx-const\libgcc.a(_exit.o)
 .text.libgcc   0x0000000000000000        0x0 c:/program files/microchip/xc8/v2.31/avr/bin/../lib/gcc/avr/5.4.0/avr5/memx-const\libgcc.a(_exit.o)
 .text.libgcc.prologue
                0x0000000000000000        0x0 c:/program files/microchip/xc8/v2.31/avr/bin/../lib/gcc/avr/5.4.0/avr5/memx-const\libgcc.a(_exit.o)
 .text.libgcc.builtins
                0x0000000000000000        0x0 c:/program files/microchip/xc8/v2.31/avr/bin/../lib/gcc/avr/5.4.0/avr5/memx-const\libgcc.a(_exit.o)
 .text.libgcc.fmul
                0x0000000000000000        0x0 c:/program files/microchip/xc8/v2.31/avr/bin/../lib/gcc/avr/5.4.0/avr5/memx-const\libgcc.a(_exit.o)
 .text.libgcc.fixed
                0x0000000000000000        0x0 c:/program files/microchip/xc8/v2.31/avr/bin/../lib/gcc/avr/5.4.0/avr5/memx-const\libgcc.a(_exit.o)
 .text          0x0000000000000000        0x0 c:/program files/microchip/xc8/v2.31/avr/bin/../lib/gcc/avr/5.4.0/avr5/memx-const\libgcc.a(_tablejump2.o)
 .data          0x0000000000000000        0x0 c:/program files/microchip/xc8/v2.31/avr/bin/../lib/gcc/avr/5.4.0/avr5/memx-const\libgcc.a(_tablejump2.o)
 .bss           0x0000000000000000        0x0 c:/program files/microchip/xc8/v2.31/avr/bin/../lib/gcc/avr/5.4.0/avr5/memx-const\libgcc.a(_tablejump2.o)
 .text.libgcc.mul
                0x0000000000000000        0x0 c:/program files/microchip/xc8/v2.31/avr/bin/../lib/gcc/avr/5.4.0/avr5/memx-const\libgcc.a(_tablejump2.o)
 .text.libgcc.div
                0x0000000000000000        0x0 c:/program files/microchip/xc8/v2.31/avr/bin/../lib/gcc/avr/5.4.0/avr5/memx-const\libgcc.a(_tablejump2.o)
 .text.libgcc   0x0000000000000000        0xc c:/program files/microchip/xc8/v2.31/avr/bin/../lib/gcc/avr/5.4.0/avr5/memx-const\libgcc.a(_tablejump2.o)
 .text.libgcc.prologue
                0x0000000000000000        0x0 c:/program files/microchip/xc8/v2.31/avr/bin/../lib/gcc/avr/5.4.0/avr5/memx-const\libgcc.a(_tablejump2.o)
 .text.libgcc.builtins
                0x0000000000000000        0x0 c:/program files/microchip/xc8/v2.31/avr/bin/../lib/gcc/avr/5.4.0/avr5/memx-const\libgcc.a(_tablejump2.o)
 .text.libgcc.fmul
                0x0000000000000000        0x0 c:/program files/microchip/xc8/v2.31/avr/bin/../lib/gcc/avr/5.4.0/avr5/memx-const\libgcc.a(_tablejump2.o)
 .text.libgcc.fixed
                0x0000000000000000        0x0 c:/program files/microchip/xc8/v2.31/avr/bin/../lib/gcc/avr/5.4.0/avr5/memx-const\libgcc.a(_tablejump2.o)
 .text          0x0000000000000000        0x0 c:/program files/microchip/xc8/v2.31/avr/bin/../lib/gcc/avr/5.4.0/avr5/memx-const\libgcc.a(_copy_data.o)
 .data          0x0000000000000000        0x0 c:/program files/microchip/xc8/v2.31/avr/bin/../lib/gcc/avr/5.4.0/avr5/memx-const\libgcc.a(_copy_data.o)
 .bss           0x0000000000000000        0x0 c:/program files/microchip/xc8/v2.31/avr/bin/../lib/gcc/avr/5.4.0/avr5/memx-const\libgcc.a(_copy_data.o)
 .text.libgcc.mul
                0x0000000000000000        0x0 c:/program files/microchip/xc8/v2.31/avr/bin/../lib/gcc/avr/5.4.0/avr5/memx-const\libgcc.a(_copy_data.o)
 .text.libgcc.div
                0x0000000000000000        0x0 c:/program files/microchip/xc8/v2.31/avr/bin/../lib/gcc/avr/5.4.0/avr5/memx-const\libgcc.a(_copy_data.o)
 .text.libgcc   0x0000000000000000        0x0 c:/program files/microchip/xc8/v2.31/avr/bin/../lib/gcc/avr/5.4.0/avr5/memx-const\libgcc.a(_copy_data.o)
 .text.libgcc.prologue
                0x0000000000000000        0x0 c:/program files/microchip/xc8/v2.31/avr/bin/../lib/gcc/avr/5.4.0/avr5/memx-const\libgcc.a(_copy_data.o)
 .text.libgcc.builtins
                0x0000000000000000        0x0 c:/program files/microchip/xc8/v2.31/avr/bin/../lib/gcc/avr/5.4.0/avr5/memx-const\libgcc.a(_copy_data.o)
 .text.libgcc.fmul
                0x0000000000000000        0x0 c:/program files/microchip/xc8/v2.31/avr/bin/../lib/gcc/avr/5.4.0/avr5/memx-const\libgcc.a(_copy_data.o)
 .text.libgcc.fixed
                0x0000000000000000        0x0 c:/program files/microchip/xc8/v2.31/avr/bin/../lib/gcc/avr/5.4.0/avr5/memx-const\libgcc.a(_copy_data.o)
 .text          0x0000000000000000        0x0 c:/program files/microchip/xc8/v2.31/avr/bin/../lib/gcc/avr/5.4.0/avr5/memx-const\libgcc.a(_umulhisi3.o)
 .data          0x0000000000000000        0x0 c:/program files/microchip/xc8/v2.31/avr/bin/../lib/gcc/avr/5.4.0/avr5/memx-const\libgcc.a(_umulhisi3.o)
 .bss           0x0000000000000000        0x0 c:/program files/microchip/xc8/v2.31/avr/bin/../lib/gcc/avr/5.4.0/avr5/memx-const\libgcc.a(_umulhisi3.o)
 .text.libgcc.div
                0x0000000000000000        0x0 c:/program files/microchip/xc8/v2.31/avr/bin/../lib/gcc/avr/5.4.0/avr5/memx-const\libgcc.a(_umulhisi3.o)
 .text.libgcc   0x0000000000000000        0x0 c:/program files/microchip/xc8/v2.31/avr/bin/../lib/gcc/avr/5.4.0/avr5/memx-const\libgcc.a(_umulhisi3.o)
 .text.libgcc.prologue
                0x0000000000000000        0x0 c:/program files/microchip/xc8/v2.31/avr/bin/../lib/gcc/avr/5.4.0/avr5/memx-const\libgcc.a(_umulhisi3.o)
 .text.libgcc.builtins
                0x0000000000000000        0x0 c:/program files/microchip/xc8/v2.31/avr/bin/../lib/gcc/avr/5.4.0/avr5/memx-const\libgcc.a(_umulhisi3.o)
 .text.libgcc.fmul
                0x0000000000000000        0x0 c:/program files/microchip/xc8/v2.31/avr/bin/../lib/gcc/avr/5.4.0/avr5/memx-const\libgcc.a(_umulhisi3.o)
 .text.libgcc.fixed
                0x0000000000000000        0x0 c:/program files/microchip/xc8/v2.31/avr/bin/../lib/gcc/avr/5.4.0/avr5/memx-const\libgcc.a(_umulhisi3.o)

Memory Configuration

Name             Origin             Length             Attributes
text             0x0000000000000000 0x0000000000008000 xr
data             0x0000000000800060 0x0000000000000800 rw !x
eeprom           0x0000000000810000 0x0000000000000400 rw !x
fuse             0x0000000000820000 0x0000000000000002 rw !x
lock             0x0000000000830000 0x0000000000000400 rw !x
signature        0x0000000000840000 0x0000000000000400 rw !x
user_signatures  0x0000000000850000 0x0000000000000400 rw !x
*default*        0x0000000000000000 0xffffffffffffffff

Linker script and memory map

LOAD C:/Program Files (x86)/Atmel/Studio/7.0/Packs/atmel/ATmega_DFP/1.6.364/xc8/avr/lib/avr5/memx-const/crtatmega32.o
LOAD ADC.o
LOAD cooling_fan.o
LOAD EEPROM.o
LOAD Electric_heater_control.o
LOAD EXT_INT.o
LOAD GPIO.o
LOAD heating_element.o
LOAD IIC.o
LOAD LED.o
LOAD LM35.o
LOAD main.o
LOAD scheduler.o
LOAD SSD.o
LOAD SW.o
LOAD TMR.o
START GROUP
LOAD c:/program files/microchip/xc8/v2.31/avr/bin/../lib/gcc/avr/5.4.0/../../../../avr/lib/avr5/memx-const\libm.a
END GROUP
START GROUP
LOAD c:/program files/microchip/xc8/v2.31/avr/bin/../lib/gcc/avr/5.4.0/avr5/memx-const\libgcc.a
LOAD c:/program files/microchip/xc8/v2.31/avr/bin/../lib/gcc/avr/5.4.0/../../../../avr/lib/avr5/memx-const\libm.a
LOAD c:/program files/microchip/xc8/v2.31/avr/bin/../lib/gcc/avr/5.4.0/../../../../avr/lib/avr5/memx-const\libc.a
LOAD C:/Program Files (x86)/Atmel/Studio/7.0/Packs/atmel/ATmega_DFP/1.6.364/xc8/avr/lib/avr5/memx-const\libatmega32.a
END GROUP
                0x0000000000000000                __TEXT_REGION_ORIGIN__ = DEFINED (__TEXT_REGION_ORIGIN__)?__TEXT_REGION_ORIGIN__:0x0
                [0x0000000000800060]                __DATA_REGION_ORIGIN__ = DEFINED (__DATA_REGION_ORIGIN__)?__DATA_REGION_ORIGIN__:0x800060
                [0x0000000000008000]                __TEXT_REGION_LENGTH__ = DEFINED (__TEXT_REGION_LENGTH__)?__TEXT_REGION_LENGTH__:0x20000
                [0x0000000000000800]                __DATA_REGION_LENGTH__ = DEFINED (__DATA_REGION_LENGTH__)?__DATA_REGION_LENGTH__:0xffa0
                [0x0000000000000400]                __EEPROM_REGION_LENGTH__ = DEFINED (__EEPROM_REGION_LENGTH__)?__EEPROM_REGION_LENGTH__:0x10000
                [0x0000000000000002]                __FUSE_REGION_LENGTH__ = DEFINED (__FUSE_REGION_LENGTH__)?__FUSE_REGION_LENGTH__:0x400
                0x0000000000000400                __LOCK_REGION_LENGTH__ = DEFINED (__LOCK_REGION_LENGTH__)?__LOCK_REGION_LENGTH__:0x400
                0x0000000000000400                __SIGNATURE_REGION_LENGTH__ = DEFINED (__SIGNATURE_REGION_LENGTH__)?__SIGNATURE_REGION_LENGTH__:0x400
                0x0000000000000400                __USER_SIGNATURE_REGION_LENGTH__ = DEFINED (__USER_SIGNATURE_REGION_LENGTH__)?__USER_SIGNATURE_REGION_LENGTH__:0x400

.hash
 *(.hash)

.dynsym
 *(.dynsym)

.dynstr
 *(.dynstr)

.gnu.version
 *(.gnu.version)

.gnu.version_d
 *(.gnu.version_d)

.gnu.version_r
 *(.gnu.version_r)

.rel.init
 *(.rel.init)

.rela.init
 *(.rela.init)

.rel.text
 *(.rel.text)
 *(.rel.text.*)
 *(.rel.gnu.linkonce.t*)

.rela.text
 *(.rela.text)
 *(.rela.text.*)
 *(.rela.gnu.linkonce.t*)

.rel.fini
 *(.rel.fini)

.rela.fini
 *(.rela.fini)

.rel.rodata
 *(.rel.rodata)
 *(.rel.rodata.*)
 *(.rel.gnu.linkonce.r*)

.rela.rodata
 *(.rela.rodata)
 *(.rela.rodata.*)
 *(.rela.gnu.linkonce.r*)

.rel.data
 *(.rel.data)
 *(.rel.data.*)
 *(.rel.gnu.linkonce.d*)

.rela.data
 *(.rela.data)
 *(.rela.data.*)
 *(.rela.gnu.linkonce.d*)

.rel.ctors
 *(.rel.ctors)

.rela.ctors
 *(.rela.ctors)

.rel.dtors
 *(.rel.dtors)

.rela.dtors
 *(.rela.dtors)

.rel.got
 *(.rel.got)

.rela.got
 *(.rela.got)

.rel.bss
 *(.rel.bss)

.rela.bss
 *(.rela.bss)

.rel.plt
 *(.rel.plt)

.rela.plt
 *(.rela.plt)

.text           0x0000000000000000       0xc6
 *(.vectors)
 .vectors       0x0000000000000000       0x54 C:/Program Files (x86)/Atmel/Studio/7.0/Packs/atmel/ATmega_DFP/1.6.364/xc8/avr/lib/avr5/memx-const/crtatmega32.o
                0x0000000000000000                __vector_default
                0x0000000000000000                __vectors
 *(.vectors)
 *(.progmem.gcc*)
 *(.dinit)
 .dinit         0x0000000000000054       0x1d data_init
                0x0000000000000072                . = ALIGN (0x2)
 *fill*         0x0000000000000071        0x1 
                0x0000000000000072                __trampolines_start = .
 *(.trampolines)
 .trampolines   0x0000000000000072        0x0 linker stubs
 *(.trampolines*)
                0x0000000000000072                __trampolines_end = .
 *libprintf_flt.a:*(.progmem.data)
 *libc.a:*(.progmem.data)
                0x0000000000000072                . = ALIGN (0x2)
 *(.jumptables)
 *(.jumptables*)
 *(.lowtext)
 *(.lowtext*)
                0x0000000000000072                __ctors_start = .
 *(.ctors)
                0x0000000000000072                __ctors_end = .
                0x0000000000000072                __dtors_start = .
 *(.dtors)
                0x0000000000000072                __dtors_end = .
 SORT(*)(.ctors)
 SORT(*)(.dtors)
 *(.init0)
 .init0         0x0000000000000072        0x0 C:/Program Files (x86)/Atmel/Studio/7.0/Packs/atmel/ATmega_DFP/1.6.364/xc8/avr/lib/avr5/memx-const/crtatmega32.o
                0x0000000000000072                __init
 *(.init0)
 *(.init1)
 *(.init1)
 *(.init2)
 .init2         0x0000000000000072        0xc C:/Program Files (x86)/Atmel/Studio/7.0/Packs/atmel/ATmega_DFP/1.6.364/xc8/avr/lib/avr5/memx-const/crtatmega32.o
 *(.init2)
 *(.init3)
 *(.init3)
 *(.init4)
 .init4         0x000000000000007e       0x3c c:/program files/microchip/xc8/v2.31/avr/bin/../lib/gcc/avr/5.4.0/avr5/memx-const\libgcc.a(_copy_data.o)
                0x000000000000007e                __do_copy_data
                0x00000000000000ac                __do_clear_bss
 *(.init4)
 *(.init5)
 *(.init5)
 *(.init6)
 *(.init6)
 *(.init7)
 *(.init7)
 *(.init8)
 *(.init8)
 *(.init9)
 .init9         0x00000000000000ba        0x8 C:/Program Files (x86)/Atmel/Studio/7.0/Packs/atmel/ATmega_DFP/1.6.364/xc8/avr/lib/avr5/memx-const/crtatmega32.o
 *(.init9)
                0x00000000000000c2                . = ALIGN (0x2)
 *(.fini9)
 .fini9         0x00000000000000c2        0x0 c:/program files/microchip/xc8/v2.31/avr/bin/../lib/gcc/avr/5.4.0/avr5/memx-const\libgcc.a(_exit.o)
                0x00000000000000c2                _exit
                0x00000000000000c2                exit
 *(.fini9)
 *(.fini8)
 *(.fini8)
 *(.fini7)
 *(.fini7)
 *(.fini6)
 *(.fini6)
 *(.fini5)
 *(.fini5)
 *(.fini4)
 *(.fini4)
 *(.fini3)
 *(.fini3)
 *(.fini2)
 *(.fini2)
 *(.fini1)
 *(.fini1)
 *(.fini0)
 .fini0         0x00000000000000c2        0x4 c:/program files/microchip/xc8/v2.31/avr/bin/../lib/gcc/avr/5.4.0/avr5/memx-const\libgcc.a(_exit.o)
 *(.fini0)
                0x00000000000000c6                _etext = .

.data           0x0000000000800060        0x0 load address 0x00000000000000c6
                [!provide]                        PROVIDE (__data_start, .)
 *(.gnu.linkonce.d*)
 *(.gnu.linkonce.r*)
                0x0000000000800060                . = ALIGN (0x2)
 *fill*         0x0000000000800060        0x0 
                0x0000000000800060                _edata = .
                [!provide]                        PROVIDE (__data_end, .)

.bss            0x0000000000800060       0x32
                [!provide]                        PROVIDE (__bss_start, .)
 *(COMMON)
 COMMON         0x0000000000800060        0x2 main.o
                0x0000000000800060                current_state
                0x0000000000800061                sensed_temp
 COMMON         0x0000000000800062       0x30 scheduler.o
                0x0000000000800062                SCH_tasks_G
                [!provide]                        PROVIDE (__bss_end, .)
                0x00000000000000c6                __data_load_start = LOADADDR (.data)
                0x00000000000000c6                __data_load_end = (__data_load_start + SIZEOF (.data))

.noinit         0x0000000000800092        0x0
                [!provide]                        PROVIDE (__noinit_start, .)
 *(.noinit*)
                [!provide]                        PROVIDE (__noinit_end, .)
                0x0000000000800092                _end = .

.eeprom         0x0000000000810000        0x0
 *(.eeprom*)
                0x0000000000810000                __eeprom_end = .

.fuse
 *(.fuse)
 *(.lfuse)
 *(.hfuse)
 *(.efuse)

.lock
 *(.lock*)

.signature
 *(.signature*)

.user_signatures
 *(.user_signatures*)

.stab
 *(.stab)

.stabstr
 *(.stabstr)

.stab.excl
 *(.stab.excl)

.stab.exclstr
 *(.stab.exclstr)

.stab.index
 *(.stab.index)

.stab.indexstr
 *(.stab.indexstr)

.comment        0x0000000000000000       0x2f
 *(.comment)
 .comment       0x0000000000000000       0x2f ADC.o
                                         0x30 (size before relaxing)
 .comment       0x000000000000002f       0x30 cooling_fan.o
 .comment       0x000000000000002f       0x30 EEPROM.o
 .comment       0x000000000000002f       0x30 Electric_heater_control.o
 .comment       0x000000000000002f       0x30 EXT_INT.o
 .comment       0x000000000000002f       0x30 GPIO.o
 .comment       0x000000000000002f       0x30 heating_element.o
 .comment       0x000000000000002f       0x30 IIC.o
 .comment       0x000000000000002f       0x30 LED.o
 .comment       0x000000000000002f       0x30 LM35.o
 .comment       0x000000000000002f       0x30 main.o
 .comment       0x000000000000002f       0x30 scheduler.o
 .comment       0x000000000000002f       0x30 SSD.o
 .comment       0x000000000000002f       0x30 SW.o

.note.gnu.build-id
 *(.note.gnu.build-id)

.debug
 *(.debug)

.line
 *(.line)

.debug_srcinfo
 *(.debug_srcinfo)

.debug_sfnames
 *(.debug_sfnames)

.debug_aranges  0x0000000000000000      0x330
 *(.debug_aranges)
 .debug_aranges
                0x0000000000000000       0x40 ADC.o
 .debug_aranges
                0x0000000000000040       0x30 cooling_fan.o
 .debug_aranges
                0x0000000000000070       0x30 EEPROM.o
 .debug_aranges
                0x00000000000000a0       0x20 Electric_heater_control.o
 .debug_aranges
                0x00000000000000c0       0x28 EXT_INT.o
 .debug_aranges
                0x00000000000000e8       0x50 GPIO.o
 .debug_aranges
                0x0000000000000138       0x30 heating_element.o
 .debug_aranges
                0x0000000000000168       0x50 IIC.o
 .debug_aranges
                0x00000000000001b8       0x38 LED.o
 .debug_aranges
                0x00000000000001f0       0x38 LM35.o
 .debug_aranges
                0x0000000000000228       0x28 main.o
 .debug_aranges
                0x0000000000000250       0x68 scheduler.o
 .debug_aranges
                0x00000000000002b8       0x40 SSD.o
 .debug_aranges
                0x00000000000002f8       0x38 SW.o

.debug_pubnames
 *(.debug_pubnames)

.debug_info     0x0000000000000000     0x412a
 *(.debug_info .gnu.linkonce.wi.*)
 .debug_info    0x0000000000000000      0x4e6 C:/Program Files (x86)/Atmel/Studio/7.0/Packs/atmel/ATmega_DFP/1.6.364/xc8/avr/lib/avr5/memx-const/crtatmega32.o
 .debug_info    0x00000000000004e6      0x38b ADC.o
 .debug_info    0x0000000000000871      0x393 cooling_fan.o
 .debug_info    0x0000000000000c04      0x3e7 EEPROM.o
 .debug_info    0x0000000000000feb      0x32b Electric_heater_control.o
 .debug_info    0x0000000000001316      0x375 EXT_INT.o
 .debug_info    0x000000000000168b      0x471 GPIO.o
 .debug_info    0x0000000000001afc      0x397 heating_element.o
 .debug_info    0x0000000000001e93      0x350 IIC.o
 .debug_info    0x00000000000021e3      0x34f LED.o
 .debug_info    0x0000000000002532      0x473 LM35.o
 .debug_info    0x00000000000029a5      0x55a main.o
 .debug_info    0x0000000000002eff      0x606 scheduler.o
 .debug_info    0x0000000000003505      0x5fb SSD.o
 .debug_info    0x0000000000003b00      0x62a SW.o

.debug_abbrev   0x0000000000000000     0x109e
 *(.debug_abbrev)
 .debug_abbrev  0x0000000000000000      0x4a3 C:/Program Files (x86)/Atmel/Studio/7.0/Packs/atmel/ATmega_DFP/1.6.364/xc8/avr/lib/avr5/memx-const/crtatmega32.o
 .debug_abbrev  0x00000000000004a3       0xcc ADC.o
 .debug_abbrev  0x000000000000056f       0xd0 cooling_fan.o
 .debug_abbrev  0x000000000000063f       0xe4 EEPROM.o
 .debug_abbrev  0x0000000000000723       0x9b Electric_heater_control.o
 .debug_abbrev  0x00000000000007be       0x96 EXT_INT.o
 .debug_abbrev  0x0000000000000854       0xba GPIO.o
 .debug_abbrev  0x000000000000090e       0xd0 heating_element.o
 .debug_abbrev  0x00000000000009de       0xb2 IIC.o
 .debug_abbrev  0x0000000000000a90       0x7c LED.o
 .debug_abbrev  0x0000000000000b0c      0x118 LM35.o
 .debug_abbrev  0x0000000000000c24       0xd8 main.o
 .debug_abbrev  0x0000000000000cfc      0x1a4 scheduler.o
 .debug_abbrev  0x0000000000000ea0      0x11c SSD.o
 .debug_abbrev  0x0000000000000fbc       0xe2 SW.o

.debug_line     0x0000000000000000     0x148b
 *(.debug_line .debug_line.* .debug_line_end)
 .debug_line    0x0000000000000000      0x119 C:/Program Files (x86)/Atmel/Studio/7.0/Packs/atmel/ATmega_DFP/1.6.364/xc8/avr/lib/avr5/memx-const/crtatmega32.o
 .debug_line    0x0000000000000119      0x128 ADC.o
 .debug_line    0x0000000000000241       0xb4 cooling_fan.o
 .debug_line    0x00000000000002f5       0xcd EEPROM.o
 .debug_line    0x00000000000003c2       0x9c Electric_heater_control.o
 .debug_line    0x000000000000045e      0x141 EXT_INT.o
 .debug_line    0x000000000000059f      0x2c3 GPIO.o
 .debug_line    0x0000000000000862       0xbc heating_element.o
 .debug_line    0x000000000000091e      0x17b IIC.o
 .debug_line    0x0000000000000a99       0x90 LED.o
 .debug_line    0x0000000000000b29      0x13b LM35.o
 .debug_line    0x0000000000000c64      0x185 main.o
 .debug_line    0x0000000000000de9      0x309 scheduler.o
 .debug_line    0x00000000000010f2      0x18c SSD.o
 .debug_line    0x000000000000127e      0x20d SW.o

.debug_frame    0x0000000000000000      0x5b4
 *(.debug_frame)
 .debug_frame   0x0000000000000000       0x64 ADC.o
 .debug_frame   0x0000000000000064       0x44 cooling_fan.o
 .debug_frame   0x00000000000000a8       0x58 EEPROM.o
 .debug_frame   0x0000000000000100       0x24 Electric_heater_control.o
 .debug_frame   0x0000000000000124       0x34 EXT_INT.o
 .debug_frame   0x0000000000000158       0x84 GPIO.o
 .debug_frame   0x00000000000001dc       0x44 heating_element.o
 .debug_frame   0x0000000000000220       0x84 IIC.o
 .debug_frame   0x00000000000002a4       0x54 LED.o
 .debug_frame   0x00000000000002f8       0x60 LM35.o
 .debug_frame   0x0000000000000358       0x7c main.o
 .debug_frame   0x00000000000003d4      0x11c scheduler.o
 .debug_frame   0x00000000000004f0       0x70 SSD.o
 .debug_frame   0x0000000000000560       0x54 SW.o

.debug_str      0x0000000000000000      0x534
 *(.debug_str)
 .debug_str     0x0000000000000000      0x196 C:/Program Files (x86)/Atmel/Studio/7.0/Packs/atmel/ATmega_DFP/1.6.364/xc8/avr/lib/avr5/memx-const/crtatmega32.o
 .debug_str     0x0000000000000196        0x0 ADC.o
 .debug_str     0x0000000000000196       0x4d cooling_fan.o
 .debug_str     0x00000000000001e3       0x27 EEPROM.o
 .debug_str     0x000000000000020a       0x31 Electric_heater_control.o
 .debug_str     0x000000000000023b        0xc EXT_INT.o
 .debug_str     0x0000000000000247       0x2a GPIO.o
 .debug_str     0x0000000000000271       0x4d heating_element.o
 .debug_str     0x00000000000002be        0x0 IIC.o
 .debug_str     0x00000000000002be       0x52 LED.o
 .debug_str     0x0000000000000310       0x6f LM35.o
 .debug_str     0x000000000000037f       0xa6 main.o
 .debug_str     0x0000000000000425        0x0 scheduler.o
 .debug_str     0x0000000000000425       0x77 SSD.o
 .debug_str     0x000000000000049c       0x98 SW.o

.debug_loc      0x0000000000000000      0xb92
 *(.debug_loc)
 .debug_loc     0x0000000000000000       0x39 ADC.o
 .debug_loc     0x0000000000000039       0x3a cooling_fan.o
 .debug_loc     0x0000000000000073      0x10a EEPROM.o
 .debug_loc     0x000000000000017d       0x8f EXT_INT.o
 .debug_loc     0x000000000000020c      0x483 GPIO.o
 .debug_loc     0x000000000000068f       0x3a heating_element.o
 .debug_loc     0x00000000000006c9       0x50 IIC.o
 .debug_loc     0x0000000000000719       0x86 LM35.o
 .debug_loc     0x000000000000079f       0xcb main.o
 .debug_loc     0x000000000000086a      0x280 scheduler.o
 .debug_loc     0x0000000000000aea       0xa8 SSD.o

.debug_macinfo
 *(.debug_macinfo)

.debug_weaknames
 *(.debug_weaknames)

.debug_funcnames
 *(.debug_funcnames)

.debug_typenames
 *(.debug_typenames)

.debug_varnames
 *(.debug_varnames)

.debug_pubtypes
 *(.debug_pubtypes)

.debug_ranges   0x0000000000000000      0x250
 *(.debug_ranges)
 .debug_ranges  0x0000000000000000       0x30 ADC.o
 .debug_ranges  0x0000000000000030       0x20 cooling_fan.o
 .debug_ranges  0x0000000000000050       0x20 EEPROM.o
 .debug_ranges  0x0000000000000070       0x10 Electric_heater_control.o
 .debug_ranges  0x0000000000000080       0x18 EXT_INT.o
 .debug_ranges  0x0000000000000098       0x40 GPIO.o
 .debug_ranges  0x00000000000000d8       0x20 heating_element.o
 .debug_ranges  0x00000000000000f8       0x40 IIC.o
 .debug_ranges  0x0000000000000138       0x28 LED.o
 .debug_ranges  0x0000000000000160       0x28 LM35.o
 .debug_ranges  0x0000000000000188       0x18 main.o
 .debug_ranges  0x00000000000001a0       0x58 scheduler.o
 .debug_ranges  0x00000000000001f8       0x30 SSD.o
 .debug_ranges  0x0000000000000228       0x28 SW.o

.debug_macro
 *(.debug_macro)
OUTPUT(FINAL_PROJ.elf elf32-avr)
LOAD linker stubs
LOAD data_init

.note.gnu.avr.deviceinfo
                0x0000000000000000       0x3c
 .note.gnu.avr.deviceinfo
                0x0000000000000000       0x3c C:/Program Files (x86)/Atmel/Studio/7.0/Packs/atmel/ATmega_DFP/1.6.364/xc8/avr/lib/avr5/memx-const/crtatmega32.o

.bss.i          0x00000000008000b4        0x1
 .bss.i         0x00000000008000b4        0x1 LM35.o

.bss.Temp_Reading_array
                0x0000000000800092       0x14
 .bss.Temp_Reading_array
                0x0000000000800092       0x14 LM35.o

.bss.Error_Code_G
                0x00000000008000b0        0x2
 .bss.Error_Code_G
                0x00000000008000b0        0x2 scheduler.o
                0x00000000008000b0                Error_Code_G

.bss.counter    0x00000000008000b7        0x1
 .bss.counter   0x00000000008000b7        0x1 SSD.o

.bss.set_temp   0x00000000008000b8        0x1
 .bss.set_temp  0x00000000008000b8        0x1 SW.o

.bss.setting_state_flag
                0x00000000008000b2        0x2
 .bss.setting_state_flag
                0x00000000008000b2        0x2 SW.o

.text.GPIO_voidSetPortPinDirection
                0x00000000000000c6       0xea
 .text.GPIO_voidSetPortPinDirection
                0x00000000000000c6       0xea GPIO.o
                0x00000000000000c6                GPIO_voidSetPortPinDirection

.text.GPIO_voidSetPortPinValue
                0x00000000000001b0       0xea
 .text.GPIO_voidSetPortPinValue
                0x00000000000001b0       0xea GPIO.o
                0x00000000000001b0                GPIO_voidSetPortPinValue

.text.SW_ST     0x000000000000029a       0xd8
 .text.SW_ST    0x000000000000029a       0xd8 SW.o
                0x000000000000029a                SW_ST

.text.EXT_voidEnableExtInt
                0x0000000000000372       0xd2
 .text.EXT_voidEnableExtInt
                0x0000000000000372       0xd2 EXT_INT.o
                0x0000000000000372                EXT_voidEnableExtInt

.text.segment7_display
                0x0000000000000444       0xa2
 .text.segment7_display
                0x0000000000000444       0xa2 SSD.o
                0x0000000000000444                segment7_display

.text.SCH_Update
                0x00000000000004e6       0x94
 .text.SCH_Update
                0x00000000000004e6       0x94 scheduler.o
                0x00000000000004e6                SCH_Update

.text.main      0x000000000000057a       0x72
 .text.main     0x000000000000057a       0x72 main.o
                0x000000000000057a                main

.text.Heat_Cool_Elements
                0x00000000000005ec       0x70
 .text.Heat_Cool_Elements
                0x00000000000005ec       0x70 SW.o
                0x00000000000005ec                Heat_Cool_Elements

.text.GPIO_voidTogglePortPinValue
                0x000000000000065c       0x68
 .text.GPIO_voidTogglePortPinValue
                0x000000000000065c       0x68 GPIO.o
                0x000000000000065c                GPIO_voidTogglePortPinValue

.text.SCH_Add_Task
                0x00000000000006c4       0x68
 .text.SCH_Add_Task
                0x00000000000006c4       0x68 scheduler.o
                0x00000000000006c4                SCH_Add_Task

.text.__vector_3
                0x000000000000072c       0x66
 .text.__vector_3
                0x000000000000072c       0x66 main.o
                0x000000000000072c                __vector_3

.text.SCH_Delete_Task
                0x0000000000000792       0x60
 .text.SCH_Delete_Task
                0x0000000000000792       0x60 scheduler.o
                0x0000000000000792                SCH_Delete_Task

.text.SCH_Dispatch_Tasks
                0x00000000000007f2       0x60
 .text.SCH_Dispatch_Tasks
                0x00000000000007f2       0x60 scheduler.o
                0x00000000000007f2                SCH_Dispatch_Tasks

.text.GPIO_voidSetPortDirection
                0x0000000000000852       0x58
 .text.GPIO_voidSetPortDirection
                0x0000000000000852       0x58 GPIO.o
                0x0000000000000852                GPIO_voidSetPortDirection

.text.__vector_7
                0x00000000000008aa       0x58
 .text.__vector_7
                0x00000000000008aa       0x58 scheduler.o
                0x00000000000008aa                __vector_7

.text.LM35_Read_Temp
                0x0000000000000902       0x4c
 .text.LM35_Read_Temp
                0x0000000000000902       0x4c LM35.o
                0x0000000000000902                LM35_Read_Temp

.text.SCH_Init_T1
                0x000000000000094e       0x46
 .text.SCH_Init_T1
                0x000000000000094e       0x46 scheduler.o
                0x000000000000094e                SCH_Init_T1

.text.SW_Init   0x0000000000000994       0x44
 .text.SW_Init  0x0000000000000994       0x44 SW.o
                0x0000000000000994                SW_Init

.text.LM35_Temp_Avg
                0x00000000000009d8       0x38
 .text.LM35_Temp_Avg
                0x00000000000009d8       0x38 LM35.o
                0x00000000000009d8                LM35_Temp_Avg

.text.ADC_voidInit
                0x0000000000000a10       0x32
 .text.ADC_voidInit
                0x0000000000000a10       0x32 ADC.o
                0x0000000000000a10                ADC_voidInit

.text.EEPROM_Write
                0x0000000000000a42       0x28
 .text.EEPROM_Write
                0x0000000000000a42       0x28 EEPROM.o
                0x0000000000000a42                EEPROM_Write

.text.SSD_BLINK
                0x0000000000000a6a       0x26
 .text.SSD_BLINK
                0x0000000000000a6a       0x26 SSD.o
                0x0000000000000a6a                SSD_BLINK

.text.GPIO_u8GetPortValue
                0x0000000000000a90       0x24
 .text.GPIO_u8GetPortValue
                0x0000000000000a90       0x24 GPIO.o
                0x0000000000000a90                GPIO_u8GetPortValue

.text.SSD_Init  0x0000000000000ab4       0x22
 .text.SSD_Init
                0x0000000000000ab4       0x22 SSD.o
                0x0000000000000ab4                SSD_Init

.text.cooling_set_state
                0x0000000000000ad6       0x20
 .text.cooling_set_state
                0x0000000000000ad6       0x20 cooling_fan.o
                0x0000000000000ad6                cooling_set_state

.text.GPIO_voidSetPortValue
                0x0000000000000af6       0x20
 .text.GPIO_voidSetPortValue
                0x0000000000000af6       0x20 GPIO.o
                0x0000000000000af6                GPIO_voidSetPortValue

.text.heating_set_state
                0x0000000000000b16       0x20
 .text.heating_set_state
                0x0000000000000b16       0x20 heating_element.o
                0x0000000000000b16                heating_set_state

.text.SSD_UPDATE
                0x0000000000000b36       0x20
 .text.SSD_UPDATE
                0x0000000000000b36       0x20 SSD.o
                0x0000000000000b36                SSD_UPDATE

.text.SSD_TURN_OFF
                0x0000000000000b56       0x1e
 .text.SSD_TURN_OFF
                0x0000000000000b56       0x1e SSD.o
                0x0000000000000b56                SSD_TURN_OFF

.text.libgcc.mul
                0x0000000000000b74       0x1e
 .text.libgcc.mul
                0x0000000000000b74       0x1e c:/program files/microchip/xc8/v2.31/avr/bin/../lib/gcc/avr/5.4.0/avr5/memx-const\libgcc.a(_umulhisi3.o)
                0x0000000000000b74                __umulhisi3

.text.LM35_Init
                0x0000000000000b92       0x1a
 .text.LM35_Init
                0x0000000000000b92       0x1a LM35.o
                0x0000000000000b92                LM35_Init

.text.OFF_STATE
                0x0000000000000bac       0x16
 .text.OFF_STATE
                0x0000000000000bac       0x16 Electric_heater_control.o
                0x0000000000000bac                OFF_STATE

.text.SCH_Go_To_Sleep
                0x0000000000000bc2       0x14
 .text.SCH_Go_To_Sleep
                0x0000000000000bc2       0x14 scheduler.o
                0x0000000000000bc2                SCH_Go_To_Sleep

.text.I2C_Init  0x0000000000000bd6       0x12
 .text.I2C_Init
                0x0000000000000bd6       0x12 IIC.o
                0x0000000000000bd6                I2C_Init

.text.ADC_u16SelectChannel
                0x0000000000000be8       0x10
 .text.ADC_u16SelectChannel
                0x0000000000000be8       0x10 ADC.o
                0x0000000000000be8                ADC_u16SelectChannel

.text.LED_Init  0x0000000000000bf8       0x10
 .text.LED_Init
                0x0000000000000bf8       0x10 LED.o
                0x0000000000000bf8                LED_Init

.text.TWIWrite  0x0000000000000c08        0xe
 .text.TWIWrite
                0x0000000000000c08        0xe IIC.o
                0x0000000000000c08                TWIWrite

.text.cooling_Init
                0x0000000000000c16        0xc
 .text.cooling_Init
                0x0000000000000c16        0xc cooling_fan.o
                0x0000000000000c16                cooling_Init

.text.heating_Init
                0x0000000000000c22        0xc
 .text.heating_Init
                0x0000000000000c22        0xc heating_element.o
                0x0000000000000c22                heating_Init

.text.TWIStart  0x0000000000000c2e        0xc
 .text.TWIStart
                0x0000000000000c2e        0xc IIC.o
                0x0000000000000c2e                TWIStart

.text.LED_ON    0x0000000000000c3a        0xc
 .text.LED_ON   0x0000000000000c3a        0xc LED.o
                0x0000000000000c3a                LED_ON

.text.LED_OFF   0x0000000000000c46        0xc
 .text.LED_OFF  0x0000000000000c46        0xc LED.o
                0x0000000000000c46                LED_OFF

.text.Save_Last_Temp
                0x0000000000000c52        0xc
 .text.Save_Last_Temp
                0x0000000000000c52        0xc LM35.o
                0x0000000000000c52                Save_Last_Temp

.text.LED_Blink
                0x0000000000000c5e        0xa
 .text.LED_Blink
                0x0000000000000c5e        0xa LED.o
                0x0000000000000c5e                LED_Blink

.text.ADC_StartConversion
                0x0000000000000c68        0x8
 .text.ADC_StartConversion
                0x0000000000000c68        0x8 ADC.o
                0x0000000000000c68                ADC_StartConversion

.text.ADC_u16GetData
                0x0000000000000c70        0x6
 .text.ADC_u16GetData
                0x0000000000000c70        0x6 ADC.o
                0x0000000000000c70                ADC_u16GetData

.text.EEPROM_Init
                0x0000000000000c76        0x6
 .text.EEPROM_Init
                0x0000000000000c76        0x6 EEPROM.o
                0x0000000000000c76                EEPROM_Init

.text.TWIStop   0x0000000000000c7c        0x6
 .text.TWIStop  0x0000000000000c7c        0x6 IIC.o
                0x0000000000000c7c                TWIStop

.text.Get_Current_Temp
                0x0000000000000c82        0x6
 .text.Get_Current_Temp
                0x0000000000000c82        0x6 SW.o
                0x0000000000000c82                Get_Current_Temp

.text           0x0000000000000c88        0x4
 .text          0x0000000000000c88        0x4 C:/Program Files (x86)/Atmel/Studio/7.0/Packs/atmel/ATmega_DFP/1.6.364/xc8/avr/lib/avr5/memx-const/crtatmega32.o
                0x0000000000000c88                __vector_1
                0x0000000000000c88                __vector_12
                0x0000000000000c88                __bad_interrupt
                0x0000000000000c88                __vector_6
                0x0000000000000c88                __vector_11
                0x0000000000000c88                __vector_13
                0x0000000000000c88                __vector_17
                0x0000000000000c88                __vector_19
                0x0000000000000c88                __vector_5
                0x0000000000000c88                __vector_4
                0x0000000000000c88                __vector_9
                0x0000000000000c88                __vector_2
                0x0000000000000c88                __vector_15
                0x0000000000000c88                __vector_8
                0x0000000000000c88                __vector_14
                0x0000000000000c88                __vector_10
                0x0000000000000c88                __vector_16
                0x0000000000000c88                __vector_18
                0x0000000000000c88                __vector_20

.text.SCH_Start
                0x0000000000000c8c        0x4
 .text.SCH_Start
                0x0000000000000c8c        0x4 scheduler.o
                0x0000000000000c8c                SCH_Start

.data.ssd       0x00000000008000a6        0xa load address 0x0000000000000c90
 .data.ssd      0x00000000008000a6        0xa SSD.o
                0x00000000008000a6                ssd

.data.current_mode
                0x00000000008000b5        0x1 load address 0x0000000000000c9a
 .data.current_mode
                0x00000000008000b5        0x1 main.o
                0x00000000008000b5                current_mode

.data.SSD_MODE  0x00000000008000b6        0x1 load address 0x0000000000000c9b
 .data.SSD_MODE
                0x00000000008000b6        0x1 SSD.o
